border_size=1
usage=map

Xu, Xu, Xu, Xu, Xu, Xu, Xu, Xu, Xu, Xu, Xu, Xu, Xu, Xu, Xu, Xu, Xu, Xu, Xu, Xu, Xu, Xu, Xu, Xu, Xu, Xu, Xu, Xu, Xu, Xu, Xu, Xu, Xu, Xu, Xu, Xu, Xu, Xu, Xu, Xu, Xu, Xu, Xu, Xu, Xu, Xu
Xu, Xu, Xu, Xu, Xu, Xu, Xu, Xu, Xu, Xu, Xu, Xu, Xu, Xu, Xu, Xu, Xu, Xu, Xu, Xu, Xu, Xu, Xu, Xu, Xu, Xu, Xu, Xu, Xu, Xu, Xu, Xu, Xu, Xu, Xu, Xu, Xu, Xu, Xu, Xu, Xu, Xu, Xu, Xu, Xu, Xu
Xu, Xu, Xu, Xu, Xu, Xu, Xu, Xu, Xu, Xu, Xu, Xu, Xu, Xu, Xu, Xu, Xu, Xu, Xu, Xu, Xu, Xu, Xu, Xu, Xu, Xu, Xu, Xu, Xu, Xu, Xu, Xu, Xu, Xu, Xu, Xu, Xu, Xu, Xu, Xu, Xu, Xu, Xu, Xu, Xu, Xu
Xu, Xu, Xu, Xu, Xu, Xu, Xu, Xu, Xu, Xu, Xu, Xu, Xu, Xu, Xu, Xu, Xu, Xu, Xu, Xu, Xu, Xu, Xu, Xu, Xu, Xu, Xu, Xu, Xu, Xu, Xu, Xu, Xu, Xu, Xu, Xu, Xu, Xu, Xu, Xu, Xu, Xu, Xu, Xu, Xu, Xu
Xu, Xu, Xu, Xu, Xu, Xu, Xu, Xu, Xu, Xu, Xu, Xu, Xu, Xu, Xu, Xu, Xu, Xu, Xu, Xu, Xu, Xu, Xu, Xu, Xu, Xu, Xu, Xu, Xu, Xu, Xu, Xu, Xu, Xu, Xu, Xu, Xu, Xu, Xu, Xu, Xu, Xu, Xu, Xu, Xu, Xu
Xu, Xu, Xu, Xu, Xu, Xu, Xu, Xu, Xu, Xu, Xu, Xu, Xu, Xu, Xu, Xu, Xu, Xu, Xu, Xu, Xu, Xu, Xu, Xu, Xu, Xu, Xu, Xu, Xu, Xu, Xu, Xu, Xu, Xu, Xu, Xu, Xu, Xu, Xu, Xu, Xu, Xu, Xu, Xu, Xu, Xu
Xu, Xu, Xu, Xu, Xu, Xu, Xu, Xu, Xu, Xu, Xu, Xu, Xu, Xu, Xu, Xu, Xu, Xu, Xu, Xu, Xu, Xu, Xu, Xu, Xu, Xu, Xu, Xu, Xu, Xu, Xu, Xu, Xu, Xu, Xu, Xu, Xu, Xu, Xu, Xu, Xu, Xu, Xu, Xu, Xu, Xu
Xu, Xu, Xu, Xu, Xu, Xu, Xu, Xu, Xu, Xu, Xu, Xu, Xu, Xu, Uh, Xu, Xu, Xu, Xu, Xu, Uh^Emf, Xu, Rr^Vd, Xu, Uh^Emf, Uu^Uf, Uh^Emf, Xu, Xu, Xu, Xu, Xu, Xu, Xu, Xu, Xu, Xu, Xu, Xu, Xu, Xu, Xu, Xu, Xu, Xu, Xu
Xu, Xu, Xu, Xu, Xu, Xu, Xu, Xu, Xu, Xu, Xu, Xu, Xu, Xu, Uh, Xu, Ql, Uu, Uu, Xu, Rr^Vd, Uh^Emf, Uh, Uh, Rb, Uh, Rb^Es, Xu, Xu, Xu, Uh^Emf, Xu, Xu, Xu, Xu, Xu, Xu, Xu, Xu, Xu, Xu, Xu, Xu, Xu, Xu, Xu
Xu, Xu, Xu, Xu, Xu, Xu, Xu, Xu, Xu, Xu, Xu, Xu, Xu, Uh, Qxu, Ql, Ql, Qlf, Qlf, 1 Rb, Rb^Es, Rb, Qlf, Uu, Qlf, Uu, Rb^Es, Xu, Xu, Uh, Uu, Uu^Uf, Xu, Xu, Xu, Xu, Xu, Xu, Xu, Xu, Xu, Xu, Xu, Xu, Xu, Xu
Xu, Xu, Xu, Xu, Xu, Xu, Xu, Xu, Xu, Xu, Xu, Xu, Xu, Qxu, Qxu, Ql, Ql, Ql, Qlf, Qlf, Qlf, Qlf, Ql, Qlf, Qlf, Qlf, Uu, Rb, Uu, Uu, Qlf, Uu, Rb^Es, Xu, Xu, Xu, Xu, Xu, Xu, Xu, Xu, Xu, Xu, Xu, Xu, Xu
Xu, Xu, Xu, Xu, Xu, Xu, Xu, Xu, Xu, Xu, Xu, Xu, Ql, Xu, Ql, Ql, Qlf, Qlf, Qlf, Qlf, Qlf, Ql, Ql, Qlf, Qlf, Uu, Qlf, Qlf, Qlf, Qlf, Qlf, Qlf, Uu, Uu, Xu, Xu, Xu, Xu, Xu, Xu, Xu, Xu, Xu, Xu, Xu, Xu
Xu, Xu, Xu, Xu, Xu, Xu, Xu, Xu, Xu, Xu, Xu, Ql, Xu, Ql, Ql, Ql, Qlf, Qlf, Qlf, Qlf, Ql, Ql, Ql, Ql, Uu, Rb, Rb^Es, Rr^Vd, Qlf, Qlf, Ql, Qlf, Qlf, Uu, Uu, Ql, Ql, Qxu, Qxu, Xu, Xu, Xu, Xu, Xu, Xu, Xu
Xu, Xu, Xu, Xu, Xu, Xu, Xu, Xu, Xu, Xu, Xu, Xu, Xu, Uh, Uh, Qlf, Qlf, Ql, Ql, Ql, Ql, Ql, Qlf, Ch, 2 Kh, Ch, Rb^Es, Qlf, Ql, Qlf, Ql, Qlf, Qlf, Qlf, Rr^Vd, Qlf, Ql, Qxu, Qxu, Xu, Uh^Ii, Xu, Xu, Xu, Xu, Xu
Xu, Xu, Xu, Xu, Xu, Xu, Xu, Xu, Xu, Xu, Xu, Xu, Uh^Emf, Uh^Emf, Uh, Qlf, Qlf, Ql, Qlf, Ql, Ql, Rr^Vd, Rb^Es, Ch, Ch, Qlf, Rb, Ql, Ql, Ql, Qlf, Ql, Qlf, Rb, Rb, Qlf, Xu, Qxu, Xu, Qxu, Qxu, Uu^Uf, Xu, Xu, Xu, Xu
Xu, Xu, Xu, Xu, Xu, Xu, Xu, Xu, Xu, Xu, Xu, Uh^Emf, Uu^Uf, Xu, Xu, Rb, Rb^Es, Qlf, Uu, Qlf, Qlf, Uu, Qlf, Rb, Uu, Rb, Ch, Rb, Rb, Rb^Es, Rb^Es, Qlf, Qlf, Uu, Rb^Es, Rb^Es, Xu, Xu, Xu, Qxu, Uh, Xu, Xu, Xu, Xu, Xu
Xu, Xu, Xu, Xu, Xu, Xu, Xu, Xu, Xu, Xu, Xu, Uh, Uu, Xu, Xu, Uh, Uh, Uu, Qlf, Uu, Rb^Es, Uu, Ql, Qlf, Ql, Ql, Ql^Ii, Ql^Ii, Ql^Ii, Ql^Ii, Ql, Uu, Uu, Uu, Qlf, Rb^Es, Qlf, Ql, Ql, Qxu, Xu, Xu, Xu, Xu, Xu, Xu
Xu, Xu, Xu, Xu, Xu, Xu, Xu, Xu, Xu, Xu, Qxu, Rr^Vd, Qxu, Uu, Uu, Uh, Qlf, Qlf, Qlf, Rb, Qlf, Qlf, Ql, Ql, Ql, Ql, Ql^Ii, Ql^Ii, Ql^Ii, Ql, Ql, Qlf, Uu, Qlf, Uh, Uh, Qlf, Qlf, Ql, Xu, Xu, Xu, Xu, Xu, Xu, Xu
Xu, Xu, Xu, Xu, Xu, Xu, Xu, Xu, Xu, Xu, Qxu, Qxu, Qxu, Ql, Uu, Qlf, Qlf, Ql, Ql, Rb, Ql, Ql, Ql, Ql, Ql, Ql^Ii, Ql, Ql^Ii, Qlf, Ql, Qlf, Qlf, Rb^Es, Uu, Xu, Uh^Emf, Uu^Uf, Xu, Xu, Xu, Xu, Xu, Xu, Xu, Xu, Xu
Xu, Xu, Xu, Xu, Xu, Xu, Xu, Xu, Xu, Xu, Xu, Qxu, Qxu, Ql, Ql, Uu, Qlf, Ql, Rb, Uu, Ql, Ql, Ql, Ql, Ql, Ql, Ql, Qlf, Qlf, Qlf, Uu, Rb, Qlf, Uu, Uh, Uh^Emf, Xu, Xu, Xu, Xu, Xu, Xu, Xu, Xu, Xu, Xu
Xu, Xu, Xu, Xu, Xu, Xu, Xu, Xu, Xu, Xu, Qxu, Qxu, Rr^Vd, Qxu, Uu, Uu, Uu, Uu, Qlf, Uu, Qlf, Ql, Ql, Ql, Ql, Ql, Qlf, Qlf, Rr^Vd, Qlf, Rb, Rb, Qlf, Xu, Uu, Xu, Xu, Xu, Xu, Xu, Xu, Xu, Xu, Xu, Xu, Xu
Xu, Xu, Xu, Xu, Xu, Xu, Xu, Xu, Xu, Xu, Xu, Qxu, Xu, Uu, Xu, Rb, Rb^Es, Uu, Qlf, Qlf, Qlf, Qlf, Ql, Ql, Ql, Ql, Ql, Qlf, Rb, Qlf, Uh, Qlf, Xu, Xu, Xu, Uu, Xu, Xu, Xu, Xu, Xu, Xu, Xu, Xu, Xu, Xu
Xu, Xu, Xu, Xu, Xu, Xu, Xu, Xu, Xu, Xu, Xu, Xu, Uh^Emf, Uh, Uh^Emf, Xu, Rb^Es, Rb^Es, Qlf, Qlf, Qlf, Qlf, Qlf, Qlf, Ql, Ql, Qxu, Ql, Rb, Uh, Uu^Uf, Uh, Uh^Emf, Uh^Emf, Uu^Uf, Uu^Uf, Qxu, Xu, Xu, Xu, Xu, Xu, Xu, Xu, Xu, Xu
Xu, Xu, Xu, Xu, Xu, Xu, Xu, Xu, Xu, Xu, Xu, Xu, Uh^Emf, Uh^Emf, Uh^Emf, Uh^Emf, Uh, Rb^Es, Rb, Qlf, Uh, Rb, Rb^Es, Qlf, Ql, Qxu, Qxu, Uu, Rb^Es, Uh, Xu, Xu, Xu, Xu, Xu, Qxu, Qxu, Xu, Xu, Xu, Xu, Xu, Xu, Xu, Xu, Xu
Xu, Xu, Xu, Xu, Xu, Xu, Xu, Xu, Xu, Xu, Xu, Xu, Xu, Xu, Xu, Uh, Xu, Uh, Uu, Uh, Uh^Emf, 3 Rb, Uh, Uh, Uu, Uu, Uu, Rb^Es, Uu, Xu, Xu, Xu, Xu, Xu, Xu, Xu, Xu, Qxu, Xu, Xu, Xu, Xu, Xu, Xu, Xu, Xu
Xu, Xu, Xu, Xu, Xu, Xu, Xu, Xu, Xu, Xu, Xu, Xu, Xu, Xu, Xu, Xu, Uu, Uu, Uu, Uu, Rb^Cov, Rb^Cov, Rb^Cov, Uh, Uh^Vd, Uh^Emf, Rb, Rb^Es, Uu^Uf, Uu^Uf, Xu, Xu, Uh^Emf, Uh^Emf, Qxu, Qxu, Qxu, Qxu, Xu, Xu, Xu, Xu, Xu, Xu, Xu, Xu
Xu, Xu, Xu, Xu, Xu, Xu, Xu, Xu, Xu, Xu, Xu, Xu, Xu, Xu, Ql, Qlf, Uh, Uh, Rr^Vd, Rb, Rb^Cov, Rb^Kov, Rb^Cov, Rb, Uh, Uh^Emf, Qlf, Uu^Uf, Xu, Xu, Xu, Xu, Xu, Uh, Qxu, Xu, Xu, Xu, Xu, Xu, Xu, Xu, Xu, Xu, Xu, Xu
Xu, Xu, Xu, Xu, Xu, Xu, Xu, Xu, Xu, Xu, Xu, Xu, Xu, Xu, Qxu, Ql, Qlf, Uh^Emf, Uh, Qlf, Qlf, Rb^Cov, Rb, Uh, Uh^Vd, Qlf, Xu, Ql, Ql, Xu, Xu, Xu, Xu, Qxu, Xu, Xu, Xu, Xu, Xu, Xu, Xu, Xu, Xu, Xu, Xu, Xu
Xu, Xu, Xu, Xu, Xu, Xu, Xu, Xu, Xu, Xu, Xu, Xu, Xu, Xu, Qxu, Ql, Qlf, Qlf, Xu, Uh, Uh, Xu, Uu, Rb^Es, Uh, Xu, Xu, Xu, Ql, Ql, Qxu, Qxu, Qxu, Qxu, Xu, Xu, Xu, Xu, Xu, Xu, Xu, Xu, Xu, Xu, Xu, Xu
Xu, Xu, Xu, Xu, Xu, Xu, Xu, Xu, Xu, Xu, Xu, Xu, Xu, Xu, Xu, Xu, Xu, Xu, Xu, Uh, Xu, Uh, Qlf, Qlf, Qlf, Qlf, Ql, Ql, Ql, Qxu, Qxu, Xu, Xu, Xu, Xu, Xu, Xu, Xu, Xu, Xu, Xu, Xu, Xu, Xu, Xu, Xu
Xu, Xu, Xu, Xu, Xu, Xu, Xu, Xu, Xu, Xu, Xu, Xu, Xu, Xu, Xu, Xu, Xu, Xu, Xu, Xu, Xu, Qlf, Ql, Ql, Ql, Ql, Ql, Ql, Xu, Qxu, Xu, Xu, Xu, Xu, Xu, Xu, Xu, Xu, Xu, Xu, Xu, Xu, Xu, Xu, Xu, Xu
Xu, Xu, Xu, Xu, Xu, Xu, Xu, Xu, Xu, Xu, Xu, Xu, Xu, Xu, Xu, Xu, Xu, Xu, Xu, Xu, Xu, Xu, Xu, Xu, Xu, Xu, Xu, Xu, Xu, Xu, Xu, Xu, Xu, Xu, Xu, Xu, Xu, Xu, Xu, Xu, Xu, Xu, Xu, Xu, Xu, Xu
Xu, Xu, Xu, Xu, Xu, Xu, Xu, Xu, Xu, Xu, Xu, Xu, Xu, Xu, Xu, Xu, Xu, Xu, Xu, Xu, Xu, Xu, Xu, Xu, Xu, Xu, Xu, Xu, Xu, Xu, Xu, Xu, Xu, Xu, Xu, Xu, Xu, Xu, Xu, Xu, Xu, Xu, Xu, Xu, Xu, Xu
Xu, Xu, Xu, Xu, Xu, Xu, Xu, Xu, Xu, Xu, Xu, Xu, Xu, Xu, Xu, Xu, Xu, Xu, Xu, Xu, Xu, Xu, Xu, Xu, Xu, Xu, Xu, Xu, Xu, Xu, Xu, Xu, Xu, Xu, Xu, Xu, Xu, Xu, Xu, Xu, Xu, Xu, Xu, Xu, Xu, Xu
Xu, Xu, Xu, Xu, Xu, Xu, Xu, Xu, Xu, Xu, Xu, Xu, Xu, Xu, Xu, Xu, Xu, Xu, Xu, Xu, Xu, Xu, Xu, Xu, Xu, Xu, Xu, Xu, Xu, Xu, Xu, Xu, Xu, Xu, Xu, Xu, Xu, Xu, Xu, Xu, Xu, Xu, Xu, Xu, Xu, Xu
