Aa, Aa^Fpa, Aa^Fma, Aa^Fpa, Aa^Fpa, Aa, Xu, Xu, Xu, Xu, Xu, Xu, Xu, Xu, Xu, Xu, Xu, Xu, Xu, Xu, Xu, Xu, Xu, Xu, Xu, Xu, Xu, Xu, Cud, Xu, Cud, Xu, Xu, Xu, Xu, Xu, Xu, Xu, Xu, Xu, Xu, Xu, Xu, Xu, Xu, Xu, Xu, Xu
Aa, Aa^Fma, Aa^Fpa, Aa^Fma, Aa^Fpa, Aa^Fma, Xu, Xu, Xu, Xu, Xu, Xu, Xu, Xu, Xu, Xu, Xu, Xu, Xu, Uu^Vud, Uh^Emf, Uh^Tf, Uh^Emf, Xu, Xu, Xu, Xu, Xu, Uh^Tf, Xu, Uh, Xu, Xu, Xu, Uh, Uh, Uu, Xu, Qxu, Xu, Xu, Xu, Xu, Xu, Xu, Xu, Xu, Xu
Sm, Sm^Edt, Aa^Fpa, Aa^Fpa, Aa, Xu, Re^Es, Xu, Xu, Xu, Xu, Xu, Xu, Xu, Xu, Xu, Xu, Xu, 3 Kud, Cud, Cud, Rb, Rb, Xu, Uu^Vud, Xu, Uh, Uh^Emf, Rb^Es, Rb, Rb, Rb, Cud, Cud, Rb, Rb, Rb, Qxu, Qxu, Uh^Emf, Uh^Tf, Xu, Xu, Xu, Xu, Xu, Xu, Xu
Sm^Edt, Ss^Qhu, Ss^Qhu, Sm^Em, Sm^Emf, Aa^Em, Re, Re, Ha^Tf, Xu, Xu, Xu, Xu, Xu, Xu, Xu, Xu, Xu, Cud, Xu, Xu, Uh, Uu, Rb^Em, Rb^Ii, Rb, Uu^Ii, Rb, Uu, Rb^Es, Rb, Rb, Cud, Cud, Rb, Qxu, Qxu, Qxu^Bcx\, Rb, Uh^Emf, Uh, Uh, Xu, Xu, Xu, Xu, Xu, Xu
Sm, Sm^Em, Gd, Sm^Edt, Ss^Qhu, Ss^Qhu, Re, Ha, Xu, Xu, Xu, Xu, Xu, Xu, Xu, Xu, Xu, Cud, Cud, Xu, Xu, Uu^Vud, Uu^Ii, Rb^Ii, Rb^Ii, Rb^Ii, Rb^Es, Uu^Emf, Uu^Tf, Xu, Cud, Xu, Xu, Cud, Xu, Qxu, Uh, Rb^Es, Rb^Es, Uu, Rb, Uu^Em, Uu, Uh^Emf, Uh, Xu, Xu, Xu
Aa^Fma, Aa^Em, Aa^Fpa, Gll, Sm^Em, Ss^Qhu, Aa^Em, Xu, Xu, Xu, Xu, Xu, Xu, Xu, Xu, Xu, Xu, Uh^Tf, Xu, Cud, Rb, Rb, Rb, Rb^Ii, Rb^Ii, Uh, Rb^Es, Uu^Tf, Xu, Cud, Xu, Xu, Xu, Xu, Xu, Xu, Uh, Uh, Uu, Rb^Es, Uu, Uu, Uh^Emf, Uh^Tf, Uh^Tf, Xu, Xu, Xu
Aa^Fma, Aa^Fpa, Xu, Aa, Xu, Sm^Edt, Sm^Edt, Xu, Xu, Xu, Ha^Emf, Xu, Ha^Tf, Ha^Em, Xu, Xu, Cud, Xu, Qxu, Qxu^Ii, Rb^Ii, Uh, Rb^Es, Rb^Es, Uu, Rb^Es, Cud, Xu, Xu, Xu, Xu, Xu, Xu, Xu, Uh^Tf, Uh^Tf, Uh, Uh, Rb, Rb, Uh, Uh, Uu, Uh^Tf, Xu, Qxu, Xu, Xu
Aa^Fpa, Aa^Fma, Xu, Xu, Xu, Xu, Ss^Qhu, Ss^Qhu, Aa^Es, Ha^Ii, Rb^Ii, Ha^Tf, Rb^Es, Rb^Es, Rb^Dr, Xu, Cud, Xu, Qxu, Xu, Qxu^Ii, Rb^Ii, Rb^Ii, Qxu^Ii, Qxu^Ii, Rb^Es, Qxu, Xu, Xu, Xu, Xu, Xu, Xu, Xu, Xu, Uh^Emf, Uh, Uu, Uu, Uu, Uu, Uh, Uh, Uu^Emf, Qxu, Qxu, Xu, Xu
Xu, Aa^Fma, Xu, Xu, Xu, Aa, Wwg^Vm, Sm, Aa^Esa, Aa^Ii, Ha^Em, Rb^Es, Rb^Esa, Rb, Xu, Xu, Qxu, Qxu, Qxu, Qxu^Ii, Xu, Rb^Ii, Rb^Es, Qxu^Ii, Rb^Es, Rb, Xu, Qxu, Xu, Cud, Xu, Xu, Xu, Xu, Qxu, Qxu, Qxu, Uu, Qxu, Uu, Uh, Uu, Uh^Tf, Uh^Tf, Qxu, Qxu, Xu, Xu
Xu, Xu, Xu, Xu, Ha^Tf, Ha^Em, Aa, Wwf, Wwf, Chw, 5 Khw, Rb^Es, Xu, Rb^Esa, Xu, Xu, Xu, Qxu, Qxu, Qxu, Qxu^Ii, Qxu^Ii, Uh, Rb^Es, Rb, Xu, Rb^Es, Rb, Cud, Qxu, Xu, Xu, Xu, Xu, Xu, Xu, Xu, Qxu, Xu, Uh, Uh, Uh^Tf, Uh^Tf, Qxu, Xu, Xu, Xu, Xu
Xu, Xu, Xu, Xu, Ha^Emf, Rb^Em, Xu, Xu, Wwg, Chw, Chw, Re, Ha, Rb, Rb^Es, Xu, Xu, Xu, Rb^Es, Qxu, Tb^Tf, Uh^Emf, Xu, Rb, Uu^Vud, Rb^Es, Rb^Es, Uh^Ii, Xu, Cud, Cud, 2 Kud, Xu, Xu, Xu, Xu, Uh, Xu, Uh^Dr, Xu, Xu, Xu, Xu, Xu, Xu, Xu, Xu, Xu
Xu, Xu, Xu, Xu, Re, Re, Aa^Esa, Wwg, Gd, Wwg, Wwg, Re, Re, Rb^Es, Xu, Rb^Dr, Xu, Cud, Xu, Cud, Xu, Tb^Tf, Uh^Emf, Rb, Rb, Rb, Rb^Ii, Rb^Ii, Uu^Ii, Xu, Cud, Xu, Uu^Vud, Xu, Uh^Tf, Uh, Xu, Uh, Uh, Xu, Xu, Xu, Xu, Xu, Xu, Xu, Xu, Xu
Xu, Xu, Ha^Em, Xu, Xu, Aa^Fpa, Aa^Fpa, Gd^Esa, Wwg, Wwg, Wwg^Vm, Aa, Xu, Rb^Es, Ha^Tf, Xu, Xu, Xu, Xu, Cud, Cud, Uh^Emf, Xu, Rb, Rb, Uu, Rb, Rb^Ii, Rb^Es, Rb^Es, Uh^Es, Uu, Rb^Es, Uh^Emf, Rb^Es, Uh^Emf, Xu, Xu, Uh, Cud, Xu, Xu, Xu, Xu, Xu, Xu, Xu, Xu
Xu, Ha^Em, Ha^Em, Ha^Em, Xu, Xu, Aa, Gd, Wwg, Wwg, Gll, Aa^Fpa, Rb^Es, Rb^Es, Rb^Ii, Xu, Xu, Xu, Uu^Ii, Xu, Xu, Uu, Rb, Rb^Em, Rb^Em, Rb, Rb, Uh, Rb^Es, Rb, Rb, Rb^Es, Rb^Es, Uu^Em, Rb, Rb^Es, Rb^Ii, Uh, Xu, Xu, Xu, Xu, Xu, Xu, Xu, Xu, Xu, Xu
Xu, Ha^Em, Aa^Fpa, Ha^Em, Wwf, Aa^Fpa, Wwf, Wwf, Wwf, Gd^Esa, Re^Esa, Aa^Fpa, Xu, Rb^Esa, Xu, Rb^Ii, Rb^Es, Xu, Rb^Ii, Xu, Xu, Rb, Rb, Rb, Rb, Rb, Rb, Rb^Es, Uh^Emf, Uh, Uu^Vud, Uu, Xu, Rb, Rb, Rb^Ii, Uu, Rb, Rb, Xu, Uu^Em, Xu, Xu, Xu, Xu, Xu, Xu, Xu
Xu, Ha^Em, Aa^Fma, Aa^Fma, Wwf, Wwf, Wwf, Wwf, Wwf, Aa^Esa, Ha, Xu, Xu, Xu, Cud, Uh^Tf, Xu, Rb, Rb^Es, Xu, Rb^Es, Uu^Xo, Uu^Xo, Uu, Uu, Rb, Uh, Rb, Cud, Xu, Cud, Qxu, Qxu, Qxu, Qxu^Ii, Qxu, Rb, Rb^Es, Rb^Es, Uu^Em, Uu^Vud, Uh^Tf, Xu, Xu, Xu, Xu, Xu, Xu
Xu, Ha^Em, Ha^Em, Aa^Fma, Re^Esa, Wwf, Wwg, Wwg, Wwg, Wwg, Wwg^Vm, Xu, Xu, Xu, Cud, Xu, Xu, Xu, Uu, Rb, Rb, Rb^Es, Uu, Uu^Xo, Xu, Uh, Xu, Cud, Cud, Cud, Xu, Xu, Qxu, Qxu^Ii, Qxu^Ii, Uu^Em, Rb, Rb, Qxu, Xu, Xu, Xu, Xu, Xu, Xu, Xu, Xu, Xu
Xu, Xu, Xu, Rb, Re^Esa, Re^Esa, Wwg, Wwg, Xu, Wwg, Wwg, Xu, Xu, Xu, Xu, Cud, Xu, Ha^Em, Rb, Rb, Rb, Rb, Rb, Xu, Xu, Xu, Xu, Xu, Xu, Xu, Xu, Cud, Xu, Qxu, Uu^Ii, Rb^Ii, Uh, Uu^Vud, Qxu, Qxu, Qxu, Cud, Xu, Xu, Xu, Xu, Xu, Xu
Xu, Xu, Aa^Fpa, Aa^Fpa, Re, Wwg, Wwg, Wwg, Xu, Xu, Wwg, Xu, Wwg, Aa^Vca, Aa^Fda, Aa^Fda, Xu, Re^Esa, Re^Esa, Re^Es, Wwf, Wwf, Re, Re, Xu, Xu, Xu, Xu, Xu, Xu, Xu, Xu, Xu, Xu, Rb, Rb, Uh, Xu, Xu, Qxu, Qxu, Cud, Xu, Xu, Xu, Xu, Xu, Xu
Xu, Xu, Xu, Xu, Re^Esa, Wwf, Wwf, Re, Re^Es, Xu, Xu, Wwg, Xu, Wwg, Wwg, Aa^Fma, Rb^Esa, Wwf, Wwg, Wwg, Wwg, Wwg, Wog, Wwg, Wwg, Wwf, Xu, Xu, Xu, Xu, Uu^Tf, Xu, Cud, Rb^Es, Xu, Rb^Es, Rb, Xu, Qxu, Qxu, Xu, Cud, Xu, Xu, Xu, Xu, Xu, Xu
Xu, Xu, Xu, Re, Wwg, Wwg, Wwg, Xu, Re^Es, Xu, Xu, Ha^Tf, Ha^Emf, Xu, Wwg, Aa^Fma, Re^Esa, Re^Es, Re, Wog, Wog, Wog, Wwg, Wwg, Re, Re, Xu, Xu, Uh^Tf, Xu, Xu, Cud, Xu, Cud, Xu, Xu, Cud, Rb, Rb^Emf, Uu^Tf, Xu, Xu, Xu, Xu, Xu, Xu, Xu, Xu
Xu, Xu, Xu, Aa^Fpa, Re^Esa, Wwg, Wwg, Xu, Wwf, Xu, Wwf, Re^Esa, Re^Esa, Re, Aa^Fpa, Wwf, Wwg, Wwg, Wog, Wog, Wog, 6 Wog, Wog, Wwg, Re^Es, Re^Es, Rb, Xu, Uh^Tf, Xu, Rb^Ii, Cud, Xu, Xu, Xu, Xu, Cud, Cud, Xu, Uh^Tf, Xu, Xu, Xu, Xu, Xu, Xu, Xu, Xu
Xu, Xu, Xu, Xu, Aa^Fpa, Aa^Esa, Xu, Wwg, Wwg, Wwf, Wwg, Wwg, Wwg, Re, Wwf, Re, Wwg, Wog, Wog, Wog, Wog, Wog, Wog, Wwg, Re, Xu, Xu, Rb^Ii, Rb^Ii, Rb^Ii, Uh^Ii, Xu, Xu, Xu, Xu, Xu, Xu, Cud, Xu, Xu, Xu, Xu, Xu, Xu, Xu, Xu, Xu, Xu
Xu, Xu, Xu, Aa^Fpa, Gd^Efm, Wwf, Wwg, Wwg, Xu, Xu, Xu, Ww^Vm, Wwf, Wwf, Wwf, Wwg, Wwg, Wwg, Wwg, Wwg, Wwg, Wog, Re, Wwf, Wwf, Aa^Fpa, Xu, Xu, Rb, Rb, Uh^Tf, Xu, Xu, Xu, Uh^Tf, Xu, Rb^Ii, Rb^Ii, Uh, Xu, Xu, Xu, Xu, Xu, Xu, Xu, Xu, Xu
Xu, Xu, Aa^Fpa, Gll, Wwg, Wwf, Gd^Es, Xu, Xu, Xu, Xu, Uu, Re, Rb^Esa, Aa^Fpa, Wwg, Re, Re^Esa, Re^Esa, Wwg, Re, Wwf, Aa^Fpa, Aa^Fma, Wwg, Xu, Xu, Xu, Rb, Xu, Xu, Xu, Uh^Tf, Xu, Uh^Emf, Rb, Uu^Em, Rb^Es, Uh, Uh, Rb^Ii, Uu^Vu, Uh^Emf, Uh^Tf, Xu, Xu, Xu, Xu
Aa, Xu, Aa^Fpa, Gd, Wwg, Re, Re^Esa, Xu, Ha^Vca, Xu, Ha^Emf, Uu, Aa^Fpa, Aa^Fpa, Aa^Fpa, Aa^Fma, Re^Esa, Re, Rb^Es, Re, Wwg, Wwf, Xu, Xu, Xu, Xu, Xu, Uu^Vu, Xu, Rb, Rb, Uh, Rb, Uh, Rb, Rb, Xu, Rb, Uh^Em, Rb, Uu^Ii, Uu^Em, Xu, Uh^Tf, Xu, Xu, Xu, Xu
Aa^Fma, Aa^Fpa, Aa^Es, Aa^Es, Gd^Esa, Wwg, Gd^Esa, Rb, Xu, Ha^Em, Ha^Tf, Xu, Xu, Xu, Re^Es, Gd^Esa, Re^Esa, Aa^Fpa, Xu, Aa^Fpa, Gd, Wwg, Xu, Cud, Xu, Xu, Xu, Xu, Xu, Xu, Rb, Rb^Es, Rb, Rb, Xu, Qxu, Qxu, Qxu, Xu, Uu^Em, Uu, Uu^Em, Uh^Emf, Uh^Emf, Xu, Xu, Xu, Xu
Aa^Fpa, Aa^Fpa, Gd^Es, Aa, Wwf, Wwf, Gd, Xu, Aa^Fpa, Xu, Cud, Xu, Aa^Fma, Aa^Fma, Re^Es, Re, Xu, Aa^Fpa, Aa^Fma, Aa^Fma, Aa^Fpa, Wwg, Wwg, Wwg, Wwg, Xu, Xu, Xu, Xu, Re, Re^Esa, Re, Aa^Fpa, Aa^Fpa, Xu, Xu, Xu, Xu, Rb, Uh^Em, Rb^Es, Uh^Em, Xu, Xu, Xu, Xu, Xu, Xu
Aa, Aa^Fpa, Wwf^Esa, Gd, Wwg, Wwf, Wwg, Aa, Aa^Fpa, Xu, Aa^Fma, Xu, Aa^Fma, Rb, Aa^Esa, Rb, Aa^Fma, Aa^Fpa, Xu, Aa^Fma, Aa^Fda, Gd^Efm, Gd^Efm, Wwg, Wwg, Aa, Xu, Xu, Xu, Gll^Esa, Re^Esa, Wwg, Wwf, Xu, Aa^Fpa, Xu, Aa^Fma, Xu, Xu, Re, Rb^Es, Uh, Xu, Xu, Xu, Xu, Xu, Xu
Wwg, Aa^Esa, Wwf, Wwf, Wwg, Wwf, Re, Wwg, Wwg, Aa^Fpa, Aa^Fma, Aa^Fma, Xu, Xu, Ha^Ii, Aa^Ii, Ha, Xu, Aa^Esa, Re, Re^Esa, Gd, Gd, Wwg, Wwg, Aa^Fpa, Aa^Fpa, Aa^Fpa, Aa^Fpa, Aa^Fpa, Re, Wwg, Wwg, Gd, Gll^Es, Aa^Fpa, Aa^Fda, Aa^Vea, Gll, Re, Re, Rb, Re, Xu, Aa^Fpa, Xu, Xu, Xu
Wwg, Wwf, Wwf, Xu, Xu, Aa^Fpa, Aa^Es, Wwg, Wwf, Xu, Cud, Xu, Xu, Xu, Xu, Ha^Tf, Ha^Tf, Ha^Vca, Ha, Re, Aa^Esa, Re^Esa, Rb^Esa, Aa^Fma, Re, Wwf, Wwg, Aa^Esa, Wwg, Wwf, Wwf, Wwg, Wwg, Wwg, Wwg, Aa^Fpa, Wwg, Aa^Fpa, Wwg, Gll^Esa, Re^Esa, Re^Esa, Wwf, Aa^Esa, Aa^Fma, Xu, Xu, Xu
Gd, Xu, Cud, Cud, Cud, Aa^Fma, Gd, Wwg, Wwf, Xu, Xu, Xu, Xu, Xu, Xu, Xu, Ha^Emf, Ha^Emf, Ha^Esa, Rb, Aa, Aa^Fpa, Aa^Fpa, Re^Esa, Rb, Wwg, Wwg, Wwg, Wwg, Wwg, Wwf, Wwf, Re, Wwg, Wwg, Wwg, Wwg, Wwg, Wwg, Wwf, Wwf, Wwf, Wwf, Wwg, Aa^Fda, Xu, Xu, Xu
Gll^Fmf, Xu, Cud, Kud, Gll, Gll, Wwf, Wwf, Aa^Esa, Ha^Vhha, Xu, Xu, Cud, Xu, Xu, Xu, Ha^Emf, Xu, Rb^Esa, Rb, Ha^Tf, Aa^Fpa, Aa^Fma, Re, Aa^Fpa, Re, Aa^Fpa, Aa^Fpa, Aa^Fma, Aa^Fpa, Aa^Fpa, Aa^Fma, Wwg, Wwg, Wwg, Wwg, Wwg, Wwg^Vm, Gd^Efm, Re, Aa^Es, Wwf, Aa^Fpa, Wwg, Wwg, Xu, Xu, Xu
Gd, Gll^Es, Gd, Gll, Gd, Gll^Esa, Re^Esa, Wwf, Wwf, Aa^Esa, Re, Xu, Aa^Emf, Xu, Xu, Xu, Ha^Ii, Re^Ii, Rb^Esa, Ha^Tf, Xu, Xu, Xu, Aa^Fpa, Rb, Aa^Fpa, Aa^Ii, Aa^Fpa, Rb^Esa, Re, Re^Esa, Xu, Aa^Fpa, Aa^Fpa, Aa^Fma, Wwg, Wwg, Aa^Fpa, Re, Re, Aa^Fpa, Aa^Fpa, Aa^Fma, Wwg, Wwg, Aa^Fma, Aa^Fpa, Aa^Fma
Gd, Gd, Gd^Efm, Gd^Efm, Gd, 1 Re^Esa, Re, Re, Wwf, Wwg, Re^Esa, Re, Rb, Aa, Rb, Aa^Esa, Rb^Ii, Rb^Ii, Ha, Ha^Tf, Xu, Xu, Xu, Ha, Xu, Ha^Ii, Ha^Tf, Ha, Xu, Xu, Aa^Fda, Rb^Esa, Aa^Fda, Aa^Fma, Cvr, Cvr, Cvr, Aa^Fpa, Re, Aa^Fpa, Aa, Aa^Fda, Wwg, Wwg, Wwg, Aa^Esa, Aa^Es, Aa^Fda
Gd, Gd^Efm, Gd^Efm, Gd, Re, Re, Gd, Gd^Efm, Wwf, Wwf, Re, Rb^Esa, Ha^Esa, Rb, Ha, Rb, Aa, Ha, Ha^Emf, Xu, Xu, Xu, Xu, Qxu, Qxu, Xu, Qxu, Xu, Xu, Xu, Xu, Aa^Fma, Aa^Fda, Aa^Fda, Cvr, 4 Kvr, Cvr, Aa^Fma, Rb^Esa, Re^Esa, Re, Aa^Fpa, Aa^Fpa, Wwg, Aa^Fda, Wwg, Wwg, Aa^Fda
Re, Gd, Re, Gd^Efm, Re, Re, Wwg, Wwf, Aa^Fda, Re, Re^Es, Aa^Esa, Ha^Vca, Xu, Xu, Xu, Ha^Emf, Ha^Emf, Xu, Ha^Vca, Ha^Tf, Xu, Xu, Xu, Xu, Qxu, Xu, Xu, Xu, Xu, Xu, Xu, Xu, Aa^Fda, Aa^Fda, Cvr, Aa^Fda, Aa^Fda, Aa^Fpa, Aa^Vea, Re, Aa^Esa, Aa^Fda, Aa^Fda, Aa^Vea, Wwg, Wwg, Wwg
Gd, Re, Gd, Re, Gd, Wwg, Wwg, Aa^Fma, Aa^Fma, Re^Es, Gd, Aa, Xu, Xu, Xu, Xu, Xu, Xu, Xu, Xu, Uu, Xu, Xu, Xu, Xu, Xu, Xu, Xu, Xu, Xu, Xu, Xu, Xu, Aa^Fda, Aa, Aa^Fda, Aa^Fda, Aa^Fda, Aa, Aa^Fpa, Gd, Re, Aa^Fma, Aa^Fda, Aa, Aa^Fda, Wwg, Wwg
