Gd, Gll^Fp, Gll^Fmf, Gll^Fmf, Gll^Fmf, Gd, Xu, Xu, Xu, Xu, Xu, Xu, Xu, Xu, Xu, Xu, Xu, Xu, Xu, Xu, Xu, Xu, Xu, Xu, Xu, Xu, Xu, Xu, Cud, Xu, Cud, Xu, Xu, Xu, Xu, Xu, Xu, Xu, Xu, Xu, Xu, Xu, Xu, Xu, Xu, Xu, Xu, Xu
Gd, Gs^Fms, Gll^Fp, Gll^Fmf, Gll^Fp, Gs^Fms, Xu, Xu, Xu, Xu, Xu, Xu, Xu, Xu, Xu, Xu, Xu, Xu, Xu, Uu^Vud, Uh^Emf, Uh^Tf, Uh^Emf, Xu, Xu, Xu, Xu, Xu, Uh^Tf, Xu, Uh, Xu, Xu, Xu, Uh, Uh, Uu, Xu, Qxu, Xu, Xu, Xu, Xu, Xu, Xu, Xu, Xu, Xu
Ss, Ss, Gll^Fp, Gll^Fp, Gd, Xu, Re^Es, Xu, Xu, Xu, Xu, Xu, Xu, Xu, Xu, Xu, Xu, Xu, 3 Kud, Cud, Cud, Rb, Rb, Xu, Uu^Vud, Xu, Uh, Uh^Emf, Rb^Es, Rb, Rb, Rb, Cud, Cud, Rb, Rb, Rb, Qxu, Qxu, Uh^Emf, Uh^Tf, Xu, Xu, Xu, Xu, Xu, Xu, Xu
Gd, Ss, Ss, Ss, Ss, Gll, Re, Re, Uh^Tf, Xu, Xu, Xu, Xu, Xu, Xu, Xu, Xu, Xu, Cud, Xu, Xu, Uh, Uu, Rb^Em, Rb^Ii, Rb, Uu^Ii, Rb, Uu, Rb^Es, Rb, Rb, Cud, Cud, Rb, Qxu, Qxu, Qxu^Bcx\, Rb, Uh^Emf, Uh, Uh, Xu, Xu, Xu, Xu, Xu, Xu
Ss, Ss, Gd, Ss, Ss, Ss, Re, Uh, Xu, Xu, Xu, Xu, Xu, Xu, Xu, Xu, Xu, Cud, Cud, Xu, Xu, Uu^Vud, Uu^Ii, Rb^Ii, Rb^Ii, Rb^Ii, Rb^Es, Uu^Emf, Uu^Tf, Xu, Cud, Xu, Xu, Cud, Xu, Qxu, Uh, Rb^Es, Rb^Es, Uu, Rb, Uu^Em, Uu, Uh^Emf, Uh, Xu, Xu, Xu
Gll^Fmf, Gd, Gll^Fp, Gll, Ss, Ss, Uu^Em, Xu, Xu, Xu, Xu, Xu, Xu, Xu, Xu, Xu, Xu, Uh^Tf, Xu, Cud, Rb, Rb, Rb, Rb^Ii, Rb^Ii, Uh, Rb^Es, Uu^Tf, Xu, Cud, Xu, Xu, Xu, Xu, Xu, Xu, Uh, Uh, Uu, Rb^Es, Uu, Uu, Uh^Emf, Uh^Tf, Uh^Tf, Xu, Xu, Xu
Gll^Fmf, Gll^Fp, Xu, Gll, Xu, Ss, Ss, Xu, Xu, Xu, Uh^Emf, Xu, Uh^Tf, Uh^Em, Xu, Xu, Cud, Xu, Qxu, Qxu^Ii, Rb^Ii, Uh, Rb^Es, Rb^Es, Uu, Rb^Es, Cud, Xu, Xu, Xu, Xu, Xu, Xu, Xu, Uh^Tf, Uh^Tf, Uh, Uh, Rb, Rb, Uh, Uh, Uu, Uh^Tf, Xu, Qxu, Xu, Xu
Gll^Fp, Gs^Fms, Xu, Xu, Xu, Xu, Ss, Ss, Uu^Es, Uh^Ii, Rb^Ii, Uh^Tf, Rb^Es, Rb^Es, Rb^Dr, Xu, Cud, Xu, Qxu, Xu, Qxu^Ii, Rb^Ii, Rb^Ii, Qxu^Ii, Qxu^Ii, Rb^Es, Qxu, Xu, Xu, Xu, Xu, Xu, Xu, Xu, Xu, Uh^Emf, Uh, Uu, Uu, Uu, Uu, Uh, Uh, Uu^Emf, Qxu, Qxu, Xu, Xu
Xu, Gs^Fms, Xu, Xu, Xu, Uu, Wwg^Vm, Ss, Uu, Uu^Ii, Uh^Em, Rb^Es, Rb, Rb, Xu, Xu, Qxu, Qxu, Qxu, Qxu^Ii, Xu, Rb^Ii, Rb^Es, Qxu^Ii, Rb^Es, Rb, Xu, Qxu, Xu, Cud, Xu, Xu, Xu, Xu, Qxu, Qxu, Qxu, Uu, Qxu, Uu, Uh, Uu, Uh^Tf, Uh^Tf, Qxu, Qxu, Xu, Xu
Xu, Xu, Xu, Xu, Uh^Tf, Uh^Em, Uu, Wwf, Wwf, Chw, 5 Khw, Rb^Es, Xu, Rb, Xu, Xu, Xu, Qxu, Qxu, Qxu, Qxu^Ii, Qxu^Ii, Uh, Rb^Es, Rb, Xu, Rb^Es, Rb, Cud, Qxu, Xu, Xu, Xu, Xu, Xu, Xu, Xu, Qxu, Xu, Uh, Uh, Uh^Tf, Uh^Tf, Qxu, Xu, Xu, Xu, Xu
Xu, Xu, Xu, Xu, Uh^Emf, Rb^Em, Xu, Xu, Wwg, Chw, Chw, Re, Uh, Rb, Rb^Es, Xu, Xu, Xu, Rb^Es, Qxu, Rb^Uf, Uh^Emf, Xu, Rb, Uu^Vud, Rb^Es, Rb^Es, Uh^Ii, Xu, Cud, Cud, 2 Kud, Xu, Xu, Xu, Xu, Uh, Xu, Uh^Dr, Xu, Xu, Xu, Xu, Xu, Xu, Xu, Xu, Xu
Xu, Xu, Xu, Xu, Re, Re, Gd, Wwg, Gd, Wwg, Wwg, Re, Re, Rb^Es, Xu, Rb^Dr, Xu, Cud, Xu, Cud, Xu, Rb^Uf, Uh^Emf, Rb, Rb, Rb, Rb^Ii, Rb^Ii, Uu^Ii, Xu, Cud, Xu, Uu^Vud, Xu, Uh^Tf, Uh, Xu, Uh, Uh, Xu, Xu, Xu, Xu, Xu, Xu, Xu, Xu, Xu
Xu, Xu, Uh^Em, Xu, Xu, Gll^Fp, Gll^Fp, Gd, Wwg, Wwg, Wwg^Vm, Gll, Xu, Rb^Es, Uh^Tf, Xu, Xu, Xu, Xu, Cud, Cud, Uh^Emf, Xu, Rb, Rb, Uu, Rb, Rb^Ii, Rb^Es, Rb^Es, Uh^Es, Uu, Rb^Es, Uh^Emf, Rb^Es, Uh^Emf, Xu, Xu, Uh, Cud, Xu, Xu, Xu, Xu, Xu, Xu, Xu, Xu
Xu, Uh^Em, Uh^Em, Uh^Em, Xu, Xu, Gd, Gd, Wwg, Wwg, Gll, Gll^Fp, Rb^Es, Rb^Es, Rb^Ii, Xu, Xu, Xu, Uu^Ii, Xu, Xu, Uu, Rb, Rb^Em, Rb^Em, Rb, Rb, Uh, Rb^Es, Rb, Rb, Rb^Es, Rb^Es, Uu^Em, Rb, Rb^Es, Rb^Ii, Uh, Xu, Xu, Xu, Xu, Xu, Xu, Xu, Xu, Xu, Xu
Xu, Uh^Em, Gll^Fp, Uh^Em, Wwf, Gll^Fp, Wwf, Wwf, Wwf, Gd, Re, Gll^Fp, Xu, Rb^Es, Xu, Rb^Ii, Rb^Es, Xu, Rb^Ii, Xu, Xu, Rb, Rb, Rb, Rb, Rb, Rb, Rb^Es, Uh^Emf, Uh, Uu^Vud, Uu, Xu, Rb, Rb, Rb^Ii, Uu, Rb, Rb, Xu, Uu^Em, Xu, Xu, Xu, Xu, Xu, Xu, Xu
Xu, Uh^Em, Gll^Fmf, Gll^Fmf, Wwf, Wwf, Wwf, Wwf, Wwf, Gd, Uh, Xu, Xu, Xu, Cud, Uh^Tf, Xu, Rb, Rb^Es, Xu, Rb^Es, Uu^Xo, Uu^Xo, Uu, Uu, Rb, Uh, Rb, Cud, Xu, Cud, Qxu, Qxu, Qxu, Qxu^Ii, Qxu, Rb, Rb^Es, Rb^Es, Uu^Em, Uu^Vud, Uh^Tf, Xu, Xu, Xu, Xu, Xu, Xu
Xu, Uh^Em, Uh^Em, Gll^Fmf, Re, Wwf, Wwg, Wwg, Wwg, Wwg, Wwg^Vm, Xu, Xu, Xu, Cud, Xu, Xu, Xu, Uu, Rb, Rb, Rb^Es, Uu, Uu^Xo, Xu, Uh, Xu, Cud, Cud, Cud, Xu, Xu, Qxu, Qxu^Ii, Qxu^Ii, Uu^Em, Rb, Rb, Qxu, Xu, Xu, Xu, Xu, Xu, Xu, Xu, Xu, Xu
Xu, Xu, Xu, Rb, Re, Re, Wwg, Wwg, Xu, Wwg, Wwg, Xu, Xu, Xu, Xu, Cud, Xu, Uh^Em, Rb, Rb, Rb, Rb, Rb, Xu, Xu, Xu, Xu, Xu, Xu, Xu, Xu, Cud, Xu, Qxu, Uu^Ii, Rb^Ii, Uh, Uu^Vud, Qxu, Qxu, Qxu, Cud, Xu, Xu, Xu, Xu, Xu, Xu
Xu, Xu, Gll^Fp, Gll^Fp, Re, Wwg, Wwg, Wwg, Xu, Xu, Wwg, Xu, Wwg, Uu^Vu, Gll^Fdf, Gll^Fdf, Xu, Re, Re, Re^Es, Wwf, Wwf, Re, Re, Xu, Xu, Xu, Xu, Xu, Xu, Xu, Xu, Xu, Xu, Rb, Rb, Uh, Xu, Xu, Qxu, Qxu, Cud, Xu, Xu, Xu, Xu, Xu, Xu
Xu, Xu, Xu, Xu, Re, Wwf, Wwf, Re, Re^Es, Xu, Xu, Wwg, Xu, Wwg, Wwg, Gll^Fmf, Gll, Wwf, Wwg, Wwg, Wwg, Wwg, Wog, Wwg, Wwg, Wwf, Xu, Xu, Xu, Xu, Uu^Tf, Xu, Cud, Rb^Es, Xu, Rb^Es, Rb, Xu, Qxu, Qxu, Xu, Cud, Xu, Xu, Xu, Xu, Xu, Xu
Xu, Xu, Xu, Re, Wwg, Wwg, Wwg, Xu, Re^Es, Xu, Xu, Uh^Tf, Uh^Emf, Xu, Wwg, Gll^Fmf, Re, Re^Es, Re, Wog, Wog, Wog, Wwg, Wwg, Re, Re, Xu, Xu, Uh^Tf, Xu, Xu, Cud, Xu, Cud, Xu, Xu, Cud, Rb, Rb^Emf, Uu^Tf, Xu, Xu, Xu, Xu, Xu, Xu, Xu, Xu
Xu, Xu, Xu, Gll^Fp, Re, Wwg, Wwg, Xu, Wwf, Xu, Wwf, Re, Re, Re, Gll^Fp, Wwf, Wwg, Wwg, Wog, Wog, Wog, 6 Wog, Wog, Wwg, Re^Es, Re^Es, Rb, Xu, Uh^Tf, Xu, Rb^Ii, Cud, Xu, Xu, Xu, Xu, Cud, Cud, Xu, Uh^Tf, Xu, Xu, Xu, Xu, Xu, Xu, Xu, Xu
Xu, Xu, Xu, Xu, Gll^Fp, Gd, Xu, Wwg, Wwg, Wwf, Wwg, Wwg, Wwg, Re, Wwf, Re, Wwg, Wog, Wog, Wog, Wog, Wog, Wog, Wwg, Re, Xu, Xu, Rb^Ii, Rb^Ii, Rb^Ii, Uh^Ii, Xu, Xu, Xu, Xu, Xu, Xu, Cud, Xu, Xu, Xu, Xu, Xu, Xu, Xu, Xu, Xu, Xu
Xu, Xu, Xu, Gll^Fp, Gd^Efm, Wwf, Wwg, Wwg, Xu, Xu, Xu, Ww^Vm, Wwf, Wwf, Wwf, Wwg, Wwg, Wwg, Wwg, Wwg, Wwg, Wog, Re, Wwf, Wwf, Gll^Fp, Xu, Xu, Rb, Rb, Uh^Tf, Xu, Xu, Xu, Uh^Tf, Xu, Rb^Ii, Rb^Ii, Uh, Xu, Xu, Xu, Xu, Xu, Xu, Xu, Xu, Xu
Xu, Xu, Gll^Fp, Gll, Wwg, Wwf, Gd^Es, Xu, Xu, Xu, Xu, Uu, Re, Gd^Efm, Gll^Fp, Wwg, Re, Re, Re, Wwg, Re, Wwf, Gll^Fp, Gll^Fmf, Wwg, Xu, Xu, Xu, Rb, Xu, Xu, Xu, Uh^Tf, Xu, Uh^Emf, Rb, Uu^Em, Rb^Es, Uh, Uh, Rb^Ii, Uu^Vu, Uh^Emf, Uh^Tf, Xu, Xu, Xu, Xu
Gd, Xu, Gll^Fp, Gd, Wwg, Re, Re, Xu, Uh^Vu, Xu, Uh^Emf, Uu, Gll^Fp, Gll^Fp, Gll^Fp, Gll^Fmf, Re, Re, Gll^Es, Re, Wwg, Wwf, Xu, Xu, Xu, Xu, Xu, Uu^Vu, Xu, Rb, Rb, Uh, Rb, Uh, Rb, Rb, Xu, Rb, Uh^Em, Rb, Uu^Ii, Uu^Em, Xu, Uh^Tf, Xu, Xu, Xu, Xu
Gll^Fmf, Gll^Fp, Gd^Es, Gd^Es, Gd, Wwg, Gd, Rb, Xu, Uh^Em, Uh^Tf, Xu, Xu, Xu, Re^Es, Gd, Re, Gll^Fp, Xu, Gll^Fp, Gd, Wwg, Xu, Cud, Xu, Xu, Xu, Xu, Xu, Xu, Rb, Rb^Es, Rb, Rb, Xu, Qxu, Qxu, Qxu, Xu, Uu^Em, Uu, Uu^Em, Uh^Emf, Uh^Emf, Xu, Xu, Xu, Xu
Gll^Fp, Gll^Fp, Gd^Es, Gd, Wwf, Wwf, Gd, Xu, Gll^Fp, Xu, Cud, Xu, Gll^Fmf, Gll^Fmf, Re^Es, Re, Xu, Gll^Fp, Gll^Fmf, Gll^Fmf, Gll^Fp, Wwg, Wwg, Wwg, Wwg, Xu, Xu, Xu, Xu, Re, Re, Re, Gll^Fp, Gll^Fp, Xu, Xu, Xu, Xu, Rb, Uh^Em, Rb^Es, Uh^Em, Xu, Xu, Xu, Xu, Xu, Xu
Gd, Gll^Fp, Wwf, Gd, Wwg, Wwf, Wwg, Gd, Gll^Fp, Xu, Gll^Fmf, Xu, Gll^Fmf, Rb, Uu, Rb, Gll^Fmf, Gll^Fp, Xu, Gll^Fmf, Gll^Fmf, Gd^Efm, Gd^Efm, Wwg, Wwg, Gll, Xu, Xu, Xu, Gll, Re, Wwg, Wwf, Xu, Gll^Fp, Xu, Gll^Fmf, Xu, Xu, Re, Rb^Es, Uh, Xu, Xu, Xu, Xu, Xu, Xu
Wwg, Gd, Wwf, Wwf, Wwg, Wwf, Re, Wwg, Wwg, Gll^Fp, Gll^Fmf, Gll^Fmf, Xu, Xu, Uh^Ii, Uu^Ii, Uh, Xu, Uu, Re, Re, Gd, Gd, Wwg, Wwg, Gll^Fp, Gll^Fp, Gll^Fp, Gll^Fp, Gll^Fp, Re, Wwg, Wwg, Gd, Gll^Es, Gll^Fp, Gs^Fms, Gg^Ve, Gll, Re, Re, Rb, Re, Xu, Gll^Fp, Xu, Xu, Xu
Wwg, Wwf, Wwf, Xu, Xu, Gll^Fp, Gd^Es, Wwg, Wwf, Xu, Cud, Xu, Xu, Xu, Xu, Uh^Tf, Uh^Tf, Uh^Vu, Uh, Re, Uu, Re, Gll, Gll^Fmf, Gd, Wwf, Wwg, Gll^Fp, Wwg, Wwf, Wwf, Wwg, Wwg, Wwg, Wwg, Gll^Fp, Wwg, Gll^Fp, Wwg, Gll, Re, Re, Wwf, Gll, Gs^Fms, Xu, Xu, Xu
Gd, Xu, Cud, Cud, Cud, Gll^Fmf, Gd, Wwg, Wwf, Xu, Xu, Xu, Xu, Xu, Xu, Xu, Uh^Emf, Uh^Emf, Uh, Rb, Uu, Gll^Fp, Gll^Fp, Gll, Gll, Wwg, Wwg, Wwg, Wwg, Wwg, Wwf, Wwf, Re, Wwg, Wwg, Wwg, Wwg, Wwg, Wwg, Wwf, Wwf, Wwf, Wwf, Wwg, Gll^Fmf, Xu, Xu, Xu
Gll^Fmf, Xu, Cud, Kud, Gll, Gll, Wwf, Wwf, Gll, Hhd^Vhhr, Xu, Xu, Cud, Xu, Xu, Xu, Uh^Emf, Xu, Rb, Rb, Uh^Tf, Gll^Fp, Gll^Fmf, Re, Gll^Fp, Re, Gll^Fp, Gll^Fp, Gll^Fp, Gll^Fp, Gll^Fp, Gll^Fp, Wwg, Wwg, Wwg, Wwg, Wwg, Wwg^Vm, Gd^Efm, Re, Gd^Es, Wwf, Gll^Fp, Wwg, Wwg, Xu, Xu, Xu
Gd, Gll^Es, Gd, Gll, Gd, Gll, Re, Wwf, Wwf, Gll, Re, Xu, Uu^Emf, Xu, Xu, Xu, Uh^Ii, Re^Ii, Rb, Uh^Tf, Xu, Xu, Xu, Gll^Fp, Rb, Gll^Fp, Uu^Ii, Gll^Fp, Rb, Re, Re, Xu, Gll^Fp, Gll^Fp, Gll^Fmf, Wwg, Wwg, Gll^Fp, Re, Re, Gll^Fp, Gll^Fp, Gll^Fp, Wwg, Wwg, Gll^Fp, Gll^Fp, Gll^Fmf
Gd, Gd, Gd^Efm, Gd^Efm, Gd, 1 Re, Re, Re, Wwf, Wwg, Re, Re, Rb, Uu, Rb, Uu, Rb^Ii, Rb^Ii, Uh, Uh^Tf, Xu, Xu, Xu, Uh, Xu, Uh^Ii, Uh^Tf, Uh, Xu, Xu, Gll^Fdf, Gd^Efm, Gll^Fdf, Gll^Fmf, Cv, Cv, Cv, Gll^Fp, Re, Gll^Fp, Gd, Gll^Fmf, Wwg, Wwg, Wwg, Gd, Gd^Es, Gll^Fmf
Gd, Gd^Efm, Gd^Efm, Gd, Re, Re, Gd, Gd^Efm, Wwf, Wwf, Re, Rb, Uh, Rb, Uh, Rb, Uu, Uh, Uh^Emf, Xu, Xu, Xu, Xu, Qxu, Qxu, Xu, Qxu, Xu, Xu, Xu, Xu, Gll^Fmf, Gll^Fdf, Gll^Fdf, Cv, 4 Kv, Cv, Gs^Fms, Gll^Efm, Re, Re, Gll^Fp, Gll^Fp, Wwg, Gd^Fmf, Wwg, Wwg, Gll^Fp
Re, Gd, Re, Gd^Efm, Re, Re, Wwg, Wwf, Gll^Fmf, Re, Re^Es, Uu, Hhd^Vhhr, Xu, Xu, Xu, Uh^Emf, Uh^Emf, Xu, Uh^Vu, Uh^Tf, Xu, Xu, Xu, Xu, Qxu, Xu, Xu, Xu, Xu, Xu, Xu, Xu, Gll^Fdf, Gll^Fmf, Cv, Gll^Fmf, Gll^Fmf, Gll^Fp, Gg^Ve, Re, Gd, Gll^Fmf, Gd^Fmf, Gg^Ve, Wwg, Wwg, Wwg
Gd, Re, Gd, Re, Gd, Wwg, Wwg, Gll^Fmf, Gll^Fmf, Re^Es, Gd, Uu, Xu, Xu, Xu, Xu, Xu, Xu, Xu, Xu, Uu, Xu, Xu, Xu, Xu, Xu, Xu, Xu, Xu, Xu, Xu, Xu, Xu, Gll^Fdf, Gd, Gll^Fmf, Gll^Fp, Gll^Fmf, Gd, Gll^Fp, Gd, Re, Gll^Fp, Gll^Fmf, Gll^Fp, Gd^Fmf, Wwg, Wwg
