Wwg, Wwg, Uu, Uu, Uh^Em, Uh, Uh^Tf, Uh, Xu, Cud, Cud, Xu, Xu, Xu, Xu, Xu, Xu, Xu, Xu, Xu, Xu, Xu, Xu, Xu, Xu, Xu, Xu, Xu, Wwg^Ii, Xu, Xu, Xu, Xu, Xu, Xu, Xu, Xu, Xu, Xu, Xu, Xu, Xu, Xu, Xu, Xu, Xu, Xu, Xu, Xu, Xu, Xu, Xu, Xu, Xu
Uu, Wwg, Wwg, Rb^Es, Rb, Uh^Em, Uh^Tf, Uh^Tf, Uh^Tf, Cud^Xo, Xu, Cud, Cud, Xu, Xu, Xu, Xu, Xu, Xu, Xu, Xu, Xu, Xu, Xu, Xu, Xu, Xu, Wwg^Ii, Xu, Xu, Xu, Xu, Xu, Xu, Cud^Dr, Xu, Xu, Xu, Xu, Uh^Emf, Cud^Xo, Xu, Uh^Tf, Xu, Uh^Tf, Xu, Uh, Xu, Xu, Xu, Xu, Xu, Xu, Xu
Uu, Uu, Uu, Wwg, Wwg, Uh^Em, Uh^Emf, Uh^Emf, Uh^Emf, Uh, Uh^Em, Cud^Xo, Xu, Cud, Cud, Xu, Xu, Xu, Xu, Xu, Xu, Xu, Cud, Xu, Cud, Xu, Xu, Wwg^Ii, Xu, Xu, Xu, Xu, Xu, Xu, Qxu, Qxu, Qxu, Uh^Tf, Uh^Em, Rb^Dr, Wwf, Cud^Dr, Rb, Uh^Emf, Uh^Emf, Uh^Emf, Cme, Xu, Qxu, Xu, Cud, Xu, Xu, Xu
Uu, Uu, Uu^Es, 1 Rb, Wwf, Uu^Em, Uu, Uh, Uh^Em, Uu^Em, Uu^Es, Uu, Uu, Cud^Dr, Xu, Cud, Cud, Xu, Xu, Xu, Xu, Xu, Qxu, Xu, Qxu, Xu, Xu, Wwg, Wwg, Wwg, Wwg, Xu, Xu, Xu, Uh^Tf, Uh^Emf, Uh^Em, Uh, Wwf, Wwf, Rb, Wwf^Vm, Wwf, Wwf, Rb, Cme, 4 Kme, Cme, Uh, Qxu, Xu, Xu, Xu, Xu
Uu^Es, Uu^Em, Uh, Rb, Rb, Wwf, Rb, Rb, Rb, Rb^Es, Rb^Es, Uu^Es, Rb, Uu, Uu^Es, Cud^Xo, Xu, Cud, Xu, Xu, Xu, Xu, Qxu, Qxu, Qxu, Xu, Xu, Xu, Xu, Xu, Xu, Wwg, Wwf, Xu, Rb, Rb^Es, Rb, Rb, Wwg, Wwrg, Wwrg, Uh, Wwrg, Wwg, Wwf, Wwf, Cme, Cme, Uh, Qxu, Qxu, Cud^Dr, Xu, Xu
Uh^Tf, Uh^Emf, Uh^Emf, Uu, Rb, Wwf, Wwf, Uu, Rb^Es, Rb^Es, Rb^Es, Rb, Xu, Rb, Rb, Uu, Uu^Em, Uu^Em, Uh^Em, Xu, Uh^Tf, Xu, Uh^Tf, Xu, Uh^Emf, Qxu, Qxu, Xu, Cud^Dr, Xu, Xu, Xu, Xu, Wwf, Rb, Wwf, Wwg, Wwg, Wog, Wwrg, Wwg, Wwrg, Wwg, Wwg, Wwg, Wwg, Wwf, Rb, Uu^Em, Qxu, Uh^Tf, Xu, Xu, Xu
Xu, Uh^Tf, Uh^Emf, Uu^Em, Rb^Es, Uu, Wwg, Uu, Rb, Uu, Rb^Em, Cud, Xu, Rb, Rb^Es, Uu, Rb, Uu, Xu, Uh, Uu, Uh, Uu^Em, Uh^Emf, Uh^Em, Uh^Emf, Qxu, Qxu, Xu, Xu, Uh^Tf, Uh^Emf, Rb^Es, Wwf, Wwg, Wwg, Wwg, Wog, Wog, Wog, Wog, Wog, Wog, Wog, Wwg, Wwg, Wwg, Wwg^Vm, Wwrg, Uu^Emf, Uh^Emf, Xu, Xu, Xu
Cud, Cud^Xo, Xu, Uu^Em, Uu^Es, Rb, Rb^Es, Wwg, Wwg, Rb, Rb^Em, Xu, Rb, Rb^Vud, Wwg, Xu, Wwf, Wwf, Wwf, Uu, Xu, Uu, Uu^Es, Uu^Es, Uh, Qxu, Xu, Qxu, Xu, Xu, Uh^Emf, Rb, Wwg, Wwg, Wwg, Wwg, Wwrg, Wwg, Wwg, Wwg, Wwg, Wog, Wwg, Wwg, Wwg, Wwg, Wwrg, Uh, Wwrg, Uh^Em, Rb, Xu, Xu, Xu
Xu, Cud, Cud, Cud^Xo, Xu, Uu^Es, Uu, Uu, Rb, Wwf, Wwf, Wwf, Wwf, Wwg, Rb, Wwg, Rb^Es, Rb, Rb^Es, Wwg, Wwg, Xu, Xu, Uh, Uu^Es, Xu, Xu, Xu, Xu, Uh^Em, Rb^Es, Rb, Wwg, Wwg, Wwrg, Wwrg, Wwrg, Wwrg, Uu, Ww^Vm, Xu, Wwg, Uu, Wwg, Wwg, Wwg, Wwg, Wwrg, Wwrg, Rb^Es, Xu, Cud, Xu, Xu
Xu, Cud, Xu, Cud, Cud, Cud^Xo, Xu, Uu, Rb^Es, Rb^Em, Uu, Uh, Uh, Rb, Cud, Rb, Uh^Vud, Xu, Uh^Es, Rb, Wwg, Uu, Uu^Es, Uu^Es, Uu^Vu, Uh^Tf, Xu, Xu, Xu, Xu, Rb, Wwf, Wwf, Wwg, Xu, Xu, Xu, Rb, Rb, Cud, Cud, Cud, Xu, Rb, Wwrg, Wwg, Wwg, Wwg, Rb, Rb^Es, Xu, Xu, Xu, Xu
Xu, Xu, Xu, Xu, Xu, Cud, Cud, Cud^Xo, Xu, Rb, Uh^Emf, Uh^Emf, Xu, Cud, Kud, Cud, Xu, Qxu, Qxu, Rb, Rb, Wwf, Uu, Uh, Uh^Tf, Xu, Xu, Xu, Uh^Emf, Xu, Rb^Es, Wwf, Wwf, Wwf, Rb^Es, Uh^Em, Uh^Emf, Uh^Tf, Xu, Xu, Qxu, Xu, Rb, Rb^Es, Wwf, Wwg, Wwf, Wwf, Uh, Xu, Xu, Xu, Wwg^Ii, Wwg^Ii
Xu, Xu, Xu, Xu, Xu, Xu, Xu, Cud, Cud, Uh, Xu, Uh^Tf, Uh^Tf, Cud, Xu, Cud, Qxu, Qxu, Uh^Emf, Rb^Em, Xu, Wwf, Rb, Uh^Em, Uh^Em, Xu, Xu, Uu^Vu, Xu, Uu^Em, Rb^Es, Uh, Wwf, Wwf, Wwf, Xu, Uh^Em, Xu, Xu, Xu, Qxu, Uh^Emf, Uh^Emf, Wwf, Wwg, Wwf, Wwf, Uh, Rb, Xu, Wwg, Wwg^Ii, Xu, Xu
Xu, Xu, Xu, Xu, Xu, Xu, Xu, Xu, Xu, Xu, Xu, Xu, Xu, Xu, Xu, Xu, Xu, Uh^Tf, Rb, Rb, Wwg, Wwf, Rb^Es, Uu, Uh^Em, Xu, Xu, Xu, Uu^Tf, Uh^Em, Xu, Wwf, Wwg, Wwg, Wwf, Xu, Rb^Emf, Xu, Xu, Qxu, Cud, Uh^Tf, Uh^Em, Wwf, Wwg, Wwg, Wwg, Wwf, Xu, Xu, Wwg, Wwg, Xu, Xu
Wwg^Ii, Xu, Xu, Xu, Xu, Xu, Xu, Xu, Xu, Xu, Qxu, Xu, Xu, Xu, Xu, Cud^Xo, Xu, Uh^Emf, Rb, Xu, Wwg, Rb, Uh^Es, Xu, Uh^Tf, Uu^Tf, Xu, Xu, Uh^Emf, Uh^Em, Rb, Xu, Wwg, Wwg, Wwg, Wwf, Rb^Emf, Xu, Cud, Cud, Cud, Xu, Cud^Xo, Uu, Wwg, Wwg, Wwg, Wwf, Cud^Xo, Xu, Wwf, Xu, Xu, Xu
Xu, Wwg^Ii, Xu, Xu, Xu, Xu, Xu, Xu, Xu, Xu, Qxu, Qxu, Uu, Uu^Vu, Rb, Uh^Tf, Uu^Emf, Rb, Wwg, Wwg, Rb, Rb, Uh^Emf, Uh^Tf, Xu, Xu, Xu, Xu, Xu, Uh, Rb, Cud^Xo, Wwg, Wwg, Wwrg, Wwrg, Rb^Es, Uh^Emf, Xu, Xu, Xu, Xu, Rb, Rb, Wwg, Wog, Wog, Wwg, Wwg, Wwf, Rb, Xu, Xu, Xu
Xu, Wwg^Ii, Wwg, Wwg, Wwg, Xu, Wwg, Wwg, Wwg, Xu, Uu, Qxu, Rb^Es, Xu, Wwf, Rb, Wwf, Wwg, Uu^Es, Uu^Es, Rb, Uu, Uh^Tf, Xu, Xu, Uu^Vu, Uh^Emf, Uh^Tf, Uu, Rb, Wwg, Wwg, Wwg, Wwg, Wwrg, Rb^Es, Rb, Uu^Vu, Xu, Xu, Uh^Emf, Uu^Emf, Rb, Wwf, Wwg, Wwg, Wog, Wwg, Wwrg, Wwrg, Rb, Xu, Xu, Xu
Xu, Xu, Xu, Xu, Xu, Wwg, Xu, Xu, Xu, Wwg, Wwf, Rb, Wwf, Wwf, Wwf, Wwf, Rb, Rb^Es, Rb^Es, Rb, Xu, Uh^Emf, Xu, Xu, Uh^Emf, Uh^Tf, Xu, Rb^Es, Uh, Rb, 5 Wwg, Wwg, Wwg, Wwrg, Xu, Rb, Xu, Xu, Xu, Xu, Rb, Rb, Wwf, Wwg, Wwg, Wog, Wwg, Wwg, Wwf, Wwrg, Uh^Em, Xu, Xu, Xu
Xu, Xu, Xu, Xu, Xu, Xu, Cud^Xo, Xu, Xu, Rb, Rb^Es, Wwf, Wwrg, Xu, Xu, Xu, Uh, Uu, Cud, Xu, Xu, Qxu, Uu, Uh^Emf, Uh, Xu, Wwf, Uh, Wwg, Wwg, Wwg, Wwg, Wwf, Uu, Uh^Em, Uh^Em, Xu, Xu, Xu, Uu^Em, Rb, Wwf, Wwg, Wwg, Wog, Wog, Wwg, Wwg, Wwf, Uu^Emf, Uh^Emf, Cud^Dr, Xu, Xu
Xu, Xu, Xu, Xu, Xu, Xu, Xu, Qxu, Uh^Emf, Rb, Wwrg, Wwrg, Wwg, Xu, Xu, Uh^Emf, Uh, Xu, Cud^Dr, Xu, Rb, Uu, Xu, Rb, Wwrg, Wwf, Wwrg, Wwg, Wwg, Wwg, Wwrg, Wwg, Rb^Es, Uh^Es, Cud^Dr, Xu, Xu, Uu^Vu, Rb^Es, Rb, Wwf, Wwf, Wwg, Wwg, Wwg, Wog, Wwg, Wwg, Rb, Uu^Emf, Uu^Tf, Xu, Xu, Xu
Xu, Xu, Xu, Xu, Xu, Cud, Qxu, Qxu, Uh^Tf, Rb, Xu, Wwrg, Wwg, Xu, Xu, Rb, Uh, Xu, Xu, Qxu, Rb^Es, Xu, Qxu, Xu, Wwrg, Wwrg, Wwrg, Wwrg, Xu, Xu, Rb, Rb^Es, Xu, Cud, Xu, Xu, Uh, Uh^Emf, Wwf, Wwf, Wwg, Wwg, Wwg, Wwg, Wwg, Wwg, Rb, Rb, Xu, Uu^Tf, Uh^Em, Xu, Xu, Xu
Xu, Xu, Xu, Xu, Xu, Cud, Xu, Uh^Emf, Uu^Emf, Xu, Wwf, Wwg, Wwg, Xu, Xu, Xu, Uh, Uh, Rb^Es, Rb^Es, Qxu, Qxu, Xu, Qxu, Wwrg, Wwrg, Wwrg, Wwrg, Uu, Uu, Uh^Em, Xu, Xu, Xu, Uh, Uh, Rb, Rb, Wwf, Wwg, Wwg, Wog, Wwg, Wwg, Wwg, Wwf, Rb, Xu, Xu, Xu, Uh^Em, Xu, Uu^Vud, Xu
Xu, Xu, Xu, Xu, Xu, Xu, Xu, Xu, Uh, Rb, Xu, Wwf, Wwg, Uu, Uu^Es, Uu, Uh^Tf, Xu, Xu, Xu, Qxu, Qxu, Xu, Wwg, Wwg, Wwg, Wwf, Xu, Rb, Xu, Xu, Xu, Xu, Xu, Uh, Xu, Rb^Es, Wwf, Wwg, Wwg, Wog, Wog, Wwg, Wwg, Wwf, Wwf, Uh, Xu, Xu, Xu, Xu, Uh^Em, Rb, Xu
Xu, Xu, Xu, Xu, Xu, Xu, Xu, Xu, Uh^Em, Rb^Es, Rb^Es, Wwf, Wwg, Wwg, Wwg, Uh, Uu, Uh, Rb^Es, Xu, Rb, Xu, Wwg, Wwg, Wwf, Wwf, Xu, Rb^Es, Uh^Em, Xu, Xu, Xu, Qxu, Qxu, Rb, Rb^Es, Wwg, Wwg, Wwg, Wwg, Wog, Wwg, Wwg, Wwg, Wwf, Uh, Xu, Cud, Qxu, Xu, Cud, Rb, Uu^Vud, Xu
Xu, Xu, Xu, Xu, Xu, Xu, Xu, Uu^Emf, Xu, Xu, Xu, Rb, Rb, Wwrg, Wwg, Wwg, Wwg, Rb, Wwf, Rb^Es, Wwg, Wwg, Wwg, Wwg, Wwf, Wwf, Uh, Rb^Es, Xu, Xu, Xu, Xu, Qxu, Rb^Em, Wwf, Wwf, Wwf, Wwf, Wwg, Wwg, Wwg, Wwg, Wwg, Wwf, Uh, Uh, Xu, Xu, Qxu, Cud, 2 Kud, Cud, Xu, Xu
Xu, Xu, Xu, Xu, Xu, Xu, Cud^Dr, Uh^Tf, Uh^Emf, Xu, Xu, Uh, Uh, Uu, Uh, Wwg, Wwf, Wwf, Wwf, Wwf, Wwg, Wwg, Wwg, Wwf, Uu^Em, Rb, Uh^Tf, Uh^Em, Xu, Xu, Xu, Xu, Rb^Em, Rb^Em, Wwf, Wwf, Wwf, Wwf, Wwg, Wog, Wwg, Wwg, Wwg, Cud^Xo, Xu, Uh, Cud, Qxu, Qxu, Cud, Cud, Cud, Xu, Xu
Wwf, Xu, Xu, Xu, Xu, Xu, Xu, Xu, Uh, Xu, Xu, Xu, Uh^Emf, Uh, Uu^Em, Uu^Em, Uu^Es, Rb^Es, Rb, Rb, Rb, Wwg, Xu, Xu, Rb, Rb^Es, Uh^Emf, Xu, Xu, Xu, Xu, Xu, Uh, Rb, Wwg, Wwg, Wwg, Wwg, Wwg, Wog, Wwg, Wwg, Rb, Uh, Xu, Xu, Xu, Xu, Cud, Xu, Xu, Qxu, Qxu, Xu
Wwf, Wwf, Wwf, Uh, Cud, Cud, Cud, Xu, Uh^Em, Xu, Uh, Uh, Xu, Xu, Xu, Xu, Wwg, Uu^Es, Wwg, Wwg, Wwf, Wwf, Rb, Rb, Xu, Uu, Uh^Emf, Xu, Xu, Xu, Xu, Uh^Emf, Wwf, Rb^Es, Wwg, Wwg, Wog, Wog, Wog, Wog, Wwg, Wwg, Rb, Rb^Es, Uh^Emf, Xu, Xu, Xu, Uh^Tf, Xu, Xu, Cud, Xu, Xu
Xu, Xu, Wwf, Wwf, Cud, 3 Kud, Cud, Uh^Emf, Uh^Em, Uh, Uu^Vud, Xu, Xu, Xu, Wwg, Wwg, Xu, Wwg, Xu, Wwg, Uu, Xu, Rb, Xu, Xu, Xu, Uh^Em, Uu^Emf, Cud, Xu, Xu, Uh^Emf, Rb^Em, Rb^Es, Wwg, Wwg, Wog, Wog, Wog, Wog, Wog, Wwg, Wwg, Xu, Uh, Uu^Tf, Uh^Emf, Uh^Tf, Wwf, Uh^Emf, Rb, Uh, Uh, Uu
Xu, Xu, Xu, Wwf, Wwf, Cud, Uh, Uh^Tf, Uh^Emf, Uu^Em, Qxu, Xu, Xu, Xu, Wwg, Xu, Xu, Xu, Cud^Dr, Uu^Vu, Uh^Em, Uu^Em, Xu, Cud^Xo, Xu, Uh, Xu, Xu, Xu, Xu, Xu, Uh^Emf, Rb^Emf, Wwrg^Es, Wwrg, Wog, Wog, Wog, Wog, Wog, Wog, Wwg, Wwg, Xu, Wwg, Rb, Wwg, Wwf, Wwg, Wwf, Wwf, Wwf, Wwf, Wwf
Xu, Wwg, Wwr, Wwr, Wwf, Wwf, Xu, Uu, Uu^Vud, Qxu, Qxu, Xu, Xu, Xu, Wwf, Xu, Xu, Xu, Xu, Xu, Xu, Uh^Emf, Rb, Xu, Uh^Emf, Uh^Em, Xu, Xu, Xu, Xu, Xu, Xu, Rb^Es, Wwrg, Wwrg, Wwrg, Wwg, Wwg, Wwg, Wog, Wog, Wwg, Wog, Wwg, Wwg, Wwg, Wog, Wwg, Wwg, Wwrg, Wwrg, Wwf, Wwf, Wwf
Wwg, Wwr, Wwf, Wwf, Wwf^Ii, Wwf, Wwf, Qxu, Qxu, Qxu, Xu, Xu, Wwf, Wwf, Wwf, Wwg, Xu, Xu, Xu, Xu, Qxu, Uh^Emf, Uh^Em, Rb, Uh^Tf, Uh, Qxu, Xu, Xu, Xu, Cud^Xo, Xu, Qxu, Rb^Es, Rb, Wwrg, Wwf, Wwg, Wwg, Wwg, Wwg, Wog, Wog, Wog, Wog, Wog, Wog, Wog, Wwg, Wwrg, Wwrg, Wwrg, Wwg, Wwf
Xu, Xu, Wwr, Wwf, Wwf, Wwf, Wwf, Wwf, Wwf, Xu, Wwg, Wwf, Xu, Wwf, Xu, Wwg, Wwg, Xu, Xu, Xu, Xu, Qxu, Qxu^Bcx/, Uu, Qxu, Qxu, Xu, Xu, Xu, Xu, Xu, Qxu, Qxu, Xu, Uh^Em, Wwf, Uu^Em, Wwf, Wwf, Wwf, Wwg, Wwg, Wwrg, Wog, Wog, Wog, Wog, Wog, Wog, Wwg, Wog, Wwg, Wog, Wwf
Xu, Xu, Xu, Wwf, Wwf, Wwf, Wwr, Xu, Xu, Wwr, Wwf, Wwf, Xu, Xu, Xu, Wwg, Xu, Xu, Xu, Xu, Xu, Uh^Tfi, Xu, Qxu, Qxu, Xu, Xu, Xu, Xu, Xu, Xu, Xu, Qxu, Qxu, Xu, Uh^Emf, Uh^Emf, Rb^Em, Rb, Wwf, Wwrg, Wwrg, Wwrg, Wwg, Wog, Wog, Wog, Wog, Wog, Wog, Wog, Wog, Wwf, Wwf
Xu, Wwr, Wwf, Wwr, Wwf, Xu, Wwf, Xu, Xu, Xu, Xu, Xu, Wwg^Ii, Xu, Wwg^Ii, Wwg, Xu, Xu, Xu, Xu, Xu, Xu, Xu, Qxu, Xu, Xu, Xu, Xu, Xu, Xu, Xu, Cud, Xu, Xu, Xu, Xu, Xu, Uh^Em, Uh^Emf, Wwf, Wwf, Wwrg, Wwrg, Wwg, Wwf, Wwf, Wog, Wog, Wog, Wog, Wog, Wog, Wwf, Wwf
Xu, Wwf, Xu, Xu, Xu, Xu, Xu, Wwf, Wwf, Xu, Wwg^Ii, Wwg^Ii, Xu, Wwg^Ii, Xu, Xu, Xu, Xu, Xu, Xu, Xu, Xu, Xu, Xu, Xu, Xu, Xu, Xu, Xu, Xu, Xu, Xu, Xu, Xu, Xu, Xu, Xu, Uh^Tf, Xu, Rb, Wwg, Wwf, Wwf, Wwf, Wwf, Wwf, Wwf, Wwf, Wwf, Wwf, Wwf, Wwf, Wwf, Wwf
