Xu, Xu, Xu, Xu, Xu, Xu, Xu, Xu, Xu, Xu, Xu, Xu, Xu, Xu, Xu, Xu, Xu, Xu, Xu, Xu, Xu, Xu, Xu, Xu, Xu, Xu, Xu, Xu, Xu, Xu, Xu, Xu, Xu, Xu, Xu, Xu, Xu, Xu, Xu, Xu, Xu, Xu, Xu, Xu, Xu, Xu
Xu, Xu, Xu, Xu, Xu, Xu, Xu, Xu, Xu, Xu, Xu, Xu, Xu, Xu, Xu, Xu, Xu, Xu, Xu, Xu, Xu, Xu, Xu, Xu, Xu, Xu, Xu, Xu, Xu, Xu, Xu, Xu, Xu, Xu, Xu, Xu, Xu, Xu, Xu, Xu, Xu, Xu, Xu, Xu, Xu, Xu
Xu, Xu, Xu, Xu, Xu, Xu, Xu, Xu, Xu, Xu, Xu, Xu, Xu, Xu, Xu, Xu, Xu, Xu, Xu, Xu, Xu, Xu, Xu, Xu, Xu, Xu, Xu, Xu, Xu, Xu, Xu, Xu, Xu, Xu, Xu, Xu, Xu, Xu, Xu, Xu, Xu, Xu, Xu, Xu, Xu, Xu
Xu, Xu, Xu, Xu, Xu, Xu, Xu, Xu, Xu, Xu, Xu, Xu, Xu, Xu, Xu, Xu, Xu, Xu, Xu, Xu, Xu, Xu, Xu, Xu, Xu, Xu, Xu, Xu, Xu, Xu, Xu, Xu, Xu, Xu, Xu, Xu, Xu, Xu, Xu, Xu, Xu, Xu, Xu, Xu, Xu, Xu
Xu, Xu, Xu, Xu, Xu, Xu, Xu, Xu, Xu, Xu, Xu, Xu, Xu, Xu, Xu, Xu, Xu, Xu, Xu, Xu, Xu, Xu, Xu, Xu, Xu, Xu, Xu, Xu, Xu, Xu, Xu, Xu, Xu, Xu, Xu, Xu, Xu, Xu, Xu, Xu, Xu, Xu, Xu, Xu, Xu, Xu
Xu, Xu, Xu, Xu, Xu, Xu, Xu, Xu, Xu, Xu, Xu, Xu, Xu, Xu, Xu, Xu, Xu, Xu, Xu, Xu, Xu, Xu, Xu, Xu, Xu, Xu, Xu, Xu, Xu, Xu, Xu, Xu, Xu, Xu, Xu, Xu, Xu, Xu, Xu, Xu, Xu, Xu, Xu, Xu, Xu, Xu
Xu, Xu, Xu, Xu, Xu, Xu, Xu, Xu, Xu, Xu, Xu, Xu, Xu, Xu, Xu, Xu, Xu, Xu, Xu, Xu, Xu, Xu, Xu, Xu, Xu, Xu, Xu, Xu, Xu, Xu, Xu, Xu, Xu, Xu, Xu, Xu, Xu, Xu, Xu, Xu, Xu, Xu, Xu, Xu, Xu, Xu
Xu, Xu, Xu, Xu, Xu, Xu, Xu, Xu, Xu, Xu, Xu, Xu, Xu, Xu, Uh, Xu, Xu, Xu, Xu, Xu, Uh^Emf, Xu, Rr^Vd, Xu, Uh^Emf, Uu^Tf, Uh^Emf, Xu, Xu, Xu, Xu, Xu, Xu, Xu, Xu, Xu, Xu, Xu, Xu, Xu, Xu, Xu, Xu, Xu, Xu, Xu
Xu, Xu, Xu, Xu, Xu, Xu, Xu, Xu, Xu, Xu, Xu, Xu, Xu, Xu, Uh, Xu, Ql, Uu, Uu, Xu, Rr^Vd, Uh^Emf, Uh, Uh, Rb, Uh, Rb^Es, Xu, Xu, Xu, Uh^Emf, Xu, Xu, Xu, Xu, Xu, Xu, Xu, Xu, Xu, Xu, Xu, Xu, Xu, Xu, Xu
Xu, Xu, Xu, Xu, Xu, Xu, Xu, Xu, Xu, Xu, Xu, Xu, Xu, Uh, Qxu, Ql, Ql, Qlf, Qlf, Rb, Rb^Es, Rb, Qlf, Uu, Qlf, Uu, Rb^Es, Xu, Xu, Uh, Uu, Uu^Tf, Xu, Xu, Xu, Xu, Xu, Xu, Xu, Xu, Xu, Xu, Xu, Xu, Xu, Xu
Xu, Xu, Xu, Xu, Xu, Xu, Xu, Xu, Xu, Xu, Xu, Xu, Xu, Qxu, Qxu, Ql, Ql, Ql, Qlf, Qlf, Qlf, Qlf, Ql, Qlf, Qlf, Qlf, Uu, Rb, Uu, Uu, Qlf, Uu, Rb^Es, Xu, Xu, Xu, Xu, Xu, Xu, Xu, Xu, Xu, Xu, Xu, Xu, Xu
Xu, Xu, Xu, Xu, Xu, Xu, Xu, Xu, Xu, Xu, Xu, Xu, Ql, Xu, Ql, Ql, Qlf, Qlf, Qlf, Qlf, Qlf, Ql, Ql, Qlf, Qlf, Uu, Qlf, Qlf, Qlf, Qlf, Qlf, Qlf, Uu, Uu, Xu, Xu, Xu, Xu, Xu, Xu, Xu, Xu, Xu, Xu, Xu, Xu
Xu, Xu, Xu, Xu, Xu, Xu, Xu, Xu, Xu, Xu, Xu, Ql, Xu, Ql, Ql, Ql, Qlf, Qlf, Qlf, Qlf, Ql, Ql, Ql, Ql, Uu, Rb, Rb^Es, Rr^Vd, Qlf, Qlf, Ql, Qlf, Qlf, Uu, Uu, Ql, Ql, Qxu, Qxu, Xu, Xu, Xu, Xu, Xu, Xu, Xu
Xu, Xu, Xu, Xu, Xu, Xu, Xu, Xu, Xu, Xu, Xu, Xu, Xu, Uh, Uh, Qlf, Qlf, Ql, Ql, Ql, Ql, Ql, Qlf, Cud, 2 Kud, Cud, Rb^Es, Qlf, Ql, Qlf, Ql, Qlf, Qlf, Qlf, Rr^Vd, Qlf, Ql, Qxu, Qxu, Xu, Uh, Xu, Xu, Xu, Xu, Xu
Xu, Xu, Xu, Xu, Xu, Xu, Xu, Xu, Xu, Xu, Xu, Xu, Uh^Emf, Uh^Emf, Uh, Qlf, Qlf, Ql, Qlf, Ql, Ql, Rr^Vd, Rb^Es, Cud, Cud, Qlf, Rb, Ql, Ql, Ql, Qlf, Ql, Qlf, Rb, Rb, Qlf, Xu, Qxu, Xu, Qxu, Qxu, Uu^Tf, Xu, Xu, Xu, Xu
Xu, Xu, Xu, Xu, Xu, Xu, Xu, Xu, Xu, Xu, Xu, Uh^Emf, Uu^Tf, Xu, Xu, Rb, Rb^Es, Qlf, Uu, Qlf, Qlf, Uu, Qlf, Rb, Uu, Rb, Cud, Rb, Rb, Rb^Es, Rb^Es, Qlf, Qlf, Uu, Rb^Es, Rb^Es, Xu, Xu, Xu, Qxu, Uh, Xu, Xu, Xu, Xu, Xu
Xu, Xu, Xu, Xu, Xu, Xu, Xu, Xu, Xu, Xu, Xu, Uh, Uu, Xu, Xu, Uh, Uh, Uu, Qlf, Uu, Rb^Es, Uu, Ql, Qlf, Ql, Ql, Ql^Ii, Ql^Ii, Ql^Ii, Ql^Ii, Ql, Uu, Uu, Uu, Qlf, Rb^Es, Qlf, Ql, Ql, Qxu, Xu, Xu, Xu, Xu, Xu, Xu
Xu, Xu, Xu, Xu, Xu, Xu, Xu, Xu, Xu, Xu, Qxu, Rr^Vd, Qxu, Uu, Uu, Uh, Qlf, Qlf, Qlf, Rb, Qlf, Qlf, Ql, Ql, Ql, Ql, Ql^Ii, Ql^Ii, Ql^Ii, Ql, Ql, Qlf, Uu, Qlf, Uh, Uh, Qlf, Qlf, Ql, Xu, Xu, Xu, Xu, Xu, Xu, Xu
Xu, Xu, Xu, Xu, Xu, Xu, Xu, Xu, Xu, Xu, Qxu, Qxu, Qxu, Ql, Uu, Qlf, Qlf, Ql, Ql, Rb, Ql, Ql, Ql, Ql, Ql, Ql^Ii, Ql, Ql^Ii, Qlf, Ql, Qlf, Qlf, Rb^Es, Uu, Xu, Uh^Emf, Uu^Tf, Xu, Xu, Xu, Xu, Xu, Xu, Xu, Xu, Xu
Xu, Xu, Xu, Xu, Xu, Xu, Xu, Xu, Xu, Xu, Xu, Qxu, Qxu, Ql, Ql, Uu, Qlf, Ql, Rb, Uu, Ql, Ql, Ql, Ql, Ql, Ql, Ql, Qlf, Qlf, Qlf, Uu, Rb, Qlf, Uu, Uh, Uh^Emf, Xu, Uh^Dr, Uh^Dr, Xu, Xu, Xu, Xu, Xu, Xu, Xu
Xu, Xu, Xu, Xu, Xu, Xu, Xu, Xu, Xu, Xu, Qxu, Qxu, Rr^Vd, Qxu, Uu, Uu, Uu, Uu, Qlf, Uu, Qlf, Ql, Ql, Ql, Ql, Ql, Qlf, Qlf, Rr^Vd, Qlf, Rb, Rb, Qlf, Xu, Uu, Xu, Xu, Xu, Uh, Xu, Uh, Xu, Xu, Xu, Xu, Xu
Xu, Xu, Xu, Xu, Xu, Xu, Xu, Xu, Uh^Emf, Uh^Dr, Xu, Qxu, Xu, Uu, Xu, Rb, Rb^Es, Uu, Qlf, Qlf, Qlf, Qlf, Ql, Ql, Ql, Ql, Ql, Qlf, Rb, Qlf, Uh, Qlf, Xu, Xu, Xu, Uu, Uh^Dr, Uh^Dr, Xu, Uh, Rb^Em, Xu, Uh^Emf, Uu^Tf, Xu, Xu
Xu, Xu, Xu, Xu, Xu, Xu, Xu, Xu, Uu, Uu, Xu, Xu, Uh^Emf, Uh, Uh^Emf, Xu, Rb^Es, Rb^Es, Qlf, Qlf, Qlf, Qlf, Qlf, Qlf, Ql, Ql, Qxu, Ql, Rb, Uh, Uu^Tf, Uh, Uh^Emf, Uh^Emf, Uu^Tf, Uu^Tf, Qxu, Xu, Xu, Xu, Uh, Rb, Uh^Emf, Xu, Xu, Xu
Xu, Xu, Xu, Xu, Xu, Ql, Uu, Uu, Uu, Xu, Xu, Xu, Uh^Emf, Uh^Emf, Uh^Emf, Uh^Emf, Uh, Rb^Es, Rb, Qlf, Uh, Rb, Rb^Es, Qlf, Ql, Qxu, Qxu, Uu, Rb^Es, Uh, Xu, Xu, Xu, Xu, Xu, Qxu, Qxu, Xu, Xu, Uh^Tf, Uh^Emf, Xu, Rb, Uh^Emf, Xu, Xu
Xu, Xu, Xu, Xu, Ql, Ql, Ql, Xu, Uh, Xu, Uu^Dr, Uu^Dr, Xu, Xu, Xu, Uh, Xu, Uh, Uu, Uh, Uh^Emf, Rb, Uh, Uh, Uu, Uu, Uu, Rb^Es, Uu, Xu, Xu, Xu, Xu, Xu, Xu, Xu, Xu, Qxu, Xu, Xu, Ql, Uu, Rb^Es, Ql, Ql, Xu
Xu, Xu, Xu, Xu, Ql, Ql, Ql, Xu, Uh, Uu, Uu, Xu, Xu, Xu, Xu, Xu, Uu, Uu, Uu, Uu, Rb, Rb, Rb, Uh, Uh^Vd, Uh^Emf, Rb, Rb^Es, Uu^Tf, Uu^Tf, Xu, Xu, Uh^Emf, Uh^Emf, Qxu, Qxu, Qxu, Qxu, Xu, Ql, Ql, Rb, Ql, Xu, Ql, Xu
Xu, Xu, Xu, Xu, Xu, Ql, Uh^Emf, Uh, Uu^Es, Rb^Es, Xu, Xu, Xu, Xu, Ql, Qlf, Uh, Uh, Rr^Vd, Rb, Rb, Rb, Rb, Rb, Uh, Uh^Emf, Qlf, Uu^Tf, Xu, Xu, Xu, Xu, Xu, Uh, Qxu, Xu, Xu, Xu, Xu, Xu, Rb, Rb, Ql, Ql, Xu, Xu
Xu, Xu, Xu, Xu, Xu, Xu, Uh^Emf, Ql, Ql, Rb^Es, Rb^Es, Xu, Xu, Xu, Qxu, Ql, Qlf, Uh^Emf, Uh, Qlf, Qlf, Rb, Rb, Uh, Uh^Vd, Qlf, Xu, Ql, Ql, Xu, Xu, Xu, Xu, Qxu, Uh^Dr, Xu, Xu, Xu, Uh^Emf, Uu^Em, Rb^Es, Uu, Uh, Xu, Xu, Xu
Xu, Xu, Xu, Xu, Xu, Xu, Ql, Uh, Uh, Rb^Es, Rb, Xu, Xu, Xu, Qxu, Ql, Qlf, Qlf, Xu, Uh, Uh, Xu, Uu, Rb^Es, Uh, Xu, Xu, Xu, Ql, Ql, Qxu, Qxu, Qxu, Qxu, Uh^Dr, Xu, Xu, Xu, Uh^Tf, Rb, Ql, Ql, Uh, Xu, Xu, Xu
Xu, Xu, Xu, Xu, Ql, Ql, Ql, Ql, Rb, Rb, Ql, Rb, Rb, Qxu, Xu, Xu, Xu, Xu, Uh^Dr, Uh, Uu, Uh, Qlf, Qlf, Qlf, Qlf, Ql, Ql, Ql, Qxu, Qxu, Xu, Xu, Uh^Dr, Xu, Uh, Xu, Xu, Xu, Rb, Ql, Ql, Ql, Uu^Es, Xu, Xu
Xu, Xu, Xu, Xu, Xu, Ql, Ql, Ql, Xu, Uu, Ql, Ql, Uu, Uh, Uh, Xu, Uh^Tf, Uh^Dr, Uh, Uh^Dr, Xu, Qlf, Ql, Ql, Ql, Ql, Ql, Ql, Xu, Qxu, Xu, Xu, Xu, Xu, Xu, Uh^Emf, Rb^Es, Xu, Xu, Rb, Uu^Em, Uu^Em, Uh^Emf, Uu^Emf, Xu, Xu
Xu, Xu, Xu, Xu, Xu, Ql, Xu, Ql, Ql, Uh, Rb^Es, Ql, Ql, Uu, Uu^Es, Xu, Uh^Emf, Uh^Emf, Xu, Uu, Uh, Uh^Dr, Xu, Xu, Xu, Xu, Ql, Xu, Xu, Uh^Dr, Uh^Dr, Xu, Xu, Xu, Xu, Uh^Tf, Rb, Rb^Es, Rb^Es, Rb, Xu, Xu, Xu, Xu, Xu, Xu
Xu, Xu, Xu, Xu, Xu, Xu, Xu, Ql, Xu, Xu, Uh^Vu, Rb, Rb, Rb, Ql, Uu^Es, Rb, Xu, Xu, Uu, Uu, Uh, Uh^Vu, Xu, Xu, Ql, Xu, Xu, Xu, Xu, Rb, Uu, Rb, Xu, Rb, Xu, Rb, Rb^Em, Uh^Tf, Xu, Xu, Xu, Xu, Xu, Xu, Xu
Xu, Xu, Xu, Xu, Xu, Xu, Xu, Xu, Xu, Xu, Uh^Emf, Xu, Xu, Ql, Ql, Rb^Es, Rb, Xu, Uu, Ql, Uh, Uh, Ql, Ql, Ql, Ql, Xu, Xu, Uh^Tf, Xu, Uu, Rb, Uu, Rb, Ql, Rb, Ql, Uh^Emf, Xu, Xu, Xu, Xu, Xu, Xu, Xu, Xu
Xu, Xu, Xu, Xu, Xu, Xu, Xu, Xu, Xu, Uh^Tf, Xu, Xu, Ql, Ql, Ql, Ql, Uh, Uu, Uu, Ql, Rb^Es, Uh, Ql, Ql, Uu, Xu, Xu, Uh^Tf, Rb^Emf, Uu, Ql, Xu, Ql, Rb, Ql, Ql, Ql, Ql, Xu, Xu, Xu, Xu, Xu, Xu, Xu, Xu
Xu, Xu, Xu, Xu, Xu, Xu, Xu, Xu, Xu, Uh^Tf, Uh^Emf, Xu, Uu, Rb^Es, Rb, Ql, Uh, Ql, Rb, Rb^Es, Ql, Rb^Es, Uu, Ql, Rb^Es, Xu, Uu, Uh^Emf, Rb^Em, Xu, Ql, Ql, Ql, Uh, Uh^Vu, Ql, Ql, Ql, Xu, Xu, Xu, Xu, Xu, Xu, Xu, Xu
Xu, Xu, Xu, Xu, Xu, Xu, Xu, Xu, Ql, Xu, Uh^Em, Uh, Ql, Ql, Uu, Uh^Em, Uh, Uh^Emf, Ql, Ql, Ql, Uh^Emf, Uh, Rb, Rb, Uh, Ql, Rb, Rb^Es, Uh, Ql, Ql, Ql, Ql, Uh^Em, Uh^Tf, Ql, Ql, Xu, Xu, Xu, Xu, Xu, Xu, Xu, Xu
Xu, Xu, Xu, Xu, Xu, Xu, Xu, Xu, Ql, Ql, Ql, Uu, Rb, Ql, Ql, Uu, Ql, Uh^Tf, Ql, Ql, Ql, Ql, Uh, Ql, Uh, Uh^Emf, Ql, Ql, Ql, Rb, Rb, Rb^Es, Uu, Rb, Ql, Ql, Xu, Xu, Xu, Xu, Xu, Xu, Xu, Xu, Xu, Xu
Xu, Xu, Xu, Xu, Xu, Xu, Xu, Xu, Xu, Xu, Ql, Ql, Rb, Ql, Ql, Rb, Uu, Ql, Ql, Ql, Ql, Ql, Rb, Uu, Uu, Uh^Tf, Ql, Ql, Ql, Ql, Ql, Ql, Rb^Em, Rb^Em, Uh^Emf, Xu, Xu, Xu, Xu, Xu, Xu, Xu, Xu, Xu, Xu, Xu
Xu, Xu, Xu, Xu, Xu, Xu, Xu, Xu, Xu, Xu, Ql, Uh^Emf, Uu^Em, Rb^Es, Ql, Ql, Uh, Uh^Tf, Ql, Ql, Xu, Uh^Vu, Rb^Es, Ql, Ql, Rb, Rb^Es, Ql, Ql, Xu, Ql, Ql, Uu^Em, Uh^Emf, Xu, Xu, Xu, Xu, Xu, Xu, Xu, Xu, Xu, Xu, Xu, Xu
Xu, Xu, Xu, Xu, Xu, Xu, Xu, Xu, Xu, Ql, Ql, Uu^Tf, Uh^Emf, Ql, Ql, Ql, Rb^Es, Uh, Uh, Xu, Xu, Xu, Rb, Ql, Ql, Ql, Ql, Rb^Em, Ql, Ql, Ql, Ql, Uu^Em, Xu, Ql, Xu, Xu, Xu, Xu, Xu, Xu, Xu, Xu, Xu, Xu, Xu
Xu, Xu, Xu, Xu, Xu, Xu, Xu, Xu, Xu, Xu, Ql, Ql, Xu, Uh, Uu, Rb, Ql, Rb, Rb, Xu, Xu, Rb^Es, Ql, Ql, Ql, Ql, Ql, Rb, Ql, Ql, Xu, Uu, Ql, Rb, Ql, Ql, Xu, Xu, Xu, Xu, Xu, Xu, Xu, Xu, Xu, Xu
Xu, Xu, Xu, Xu, Xu, Xu, Xu, Xu, Xu, Ql, Ql, Ql, Uh^Tf, Uh^Emf, Xu, Ql, Ql, Ql, Rb^Em, Uu, Rb, Uu, Ql, Ql, Ql, Ql, Ql, Rb, Rb^Es, Rb, Rb^Es, Rb, Ql, Rb^Em, Ql, Ql, Ql, Ql, Xu, Xu, Xu, Xu, Xu, Xu, Xu, Xu
Xu, Xu, Xu, Xu, Xu, Xu, Xu, Xu, Ql, Ql, Uh^Vu, Ql, Uh^Emf, Xu, Ql, Xu, Ql, Uh^Em, Uh^Tf, Uh^Emf, Uh^Emf, Ql, Ql, Ql, Uh, Uh^Tf, Uu, Uu, Ql, Ql, Ql, Ql, Uu, Rb, Uu, Ql, Ql, Ql, Ql, Xu, Xu, Xu, Xu, Xu, Xu, Xu
Xu, Xu, Xu, Xu, Xu, Xu, Xu, Xu, Ql, Ql, Uh, Xu, Rb, Rb^Em, Rb, Ql, Ql, Ql, Ql, Uh^Tf, Uu, Rb, Rb^Es, Ql, Ql, Uh^Emf, Rb, Ql, Ql, Ql, Ql, Uu, Ql, Uh, Xu, Rb^Es, Ql, Ql, Ql, Xu, Xu, Xu, Xu, Xu, Xu, Xu
Xu, Xu, Xu, Xu, Xu, Xu, Xu, Ql, Ql, Ql, Ql, Uu, Ql, Ql, Uh, Xu, Xu, Ql, Ql, Uh^Emf, Rb, Rb, Uu, Uu, Ql, Ql, Rb, Rb^Es, Ql, Uh, Uu, Uu, Ql, Ql, Xu, Rb, Ql, Ql, Xu, Ql, Ql, Xu, Xu, Xu, Xu, Xu
Xu, Xu, Xu, Xu, Xu, Xu, Xu, Xu, Ql, Ql, Ql, Xu, Ql, Ql, Uh, Xu, Xu, Ql, Uu, Uh, Uh, Rb, Rb, Uu, Uu, Uu, Rb, Ql, Uh, Uh^Tf, Uu^Es, Ql, Ql, Ql, Rb, Rb, Xu, Ql, Uh^Tf, Xu, Ql, Xu, Xu, Xu, Xu, Xu
Xu, Xu, Xu, Xu, Xu, Xu, Xu, Xu, Xu, Ql, Ql, Ql, Ql, Ql, Ql, Uh^Tf, Uh^Emf, Uh, Uh, Uh, Rb, Rb, Rb^Em, Rb, Rb, Rb, Uu, Uu, Uu, Rb, Rb, Rb, Uu, Uu, Rb^Em, Rb, Uu^Em, Uh^Vu, Xu, Xu, Ql, Xu, Xu, Xu, Xu, Xu
Xu, Xu, Xu, Xu, Xu, Xu, Xu, Xu, Xu, Ql, Xu, Ql, Xu, Uh^Tf, Uh^Tf, Uu^Tf, Uh^Tf, Uh^Emf, Uh^Em, Uh^Em, Rb, Rb, Rb^Em, Rb, Rb, Rb^Em, Rb^Em, Uu, Rb, Uu, Rb, Rb, Rb, Rb, Uu^Es, Uh^Em, Uh^Emf, Uh^Tf, Ql, Ql, Xu, Xu, Xu, Xu, Xu, Xu
Xu, Xu, Xu, Xu, Xu, Xu, Xu, Xu, Ql, Ql, Ql, Xu, Uh^Tf, Uh^Tf, Uh^Emf, Uh^Tf, Uh^Emf, Uh^Em, Rb^Em, Rb^Em, Rb, Rb, Rb, Rb, Rb, Rb, Rb, Rb, Rb, Rb, Uu, Rb, Uu, Uu, Rb^Es, Rb^Emf, Uh^Emf, Ql, Uh^Tf, Ql, Ql, Xu, Xu, Xu, Xu, Xu
Xu, Xu, Xu, Xu, Xu, Xu, Xu, Xu, Xu, Ql, Ql, Uh^Tf, Uh, Uh^Emf, Uu^Es, Uh, Rb^Es, Uh^Em, Uh, Rb, Rb, Rb, Rb, Uu, Uu, Uu^Es, Rb^Es, Uu, Uu, Rb^Es, Uu^Em, Rb, Rb, Rb, Rb, Uu, Uu^Emf, Uh^Emf, Uh, Ql, Xu, Xu, Xu, Xu, Xu, Xu
Xu, Xu, Xu, Xu, Xu, Xu, Cud, Xu, Uh, Ql, Ql, Xu, Xu, Uu, Rb^Es, Rb^Em, Rb^Es, Uh, Rb, Rb^Em, Rb, Rb, Uu, Uu, Uh^Tf, Rb^Es, Uu, Uu, Uh, Rb^Es, Uh^Emf, Uu^Em, Uh, Rb, Rb, Uu, Uu, Ql, Ql, Ql, Cud, Xu, Xu, Xu, Uh, Xu
Xu, Xu, Xu, Xu, Xu, Cud, Uh, Uh, Uh, Uh, Ql, Ql, Ql, Uu, Uu^Em, Uu^Es, Rb, Rb, Rb, Rb, Uu, Uu, Uu^Vud, Uh, Ql, Ql, Ql, Uh, Uu^Vud, Uh, Uh^Tf, Uh^Emf, Rb^Es, Rb^Es, Uu^Es, Rb, Uh^Emf, Xu, Xu, Xu, Uh, Xu, Uh, Xu, Uh, Uh
Xu, Xu, Xu, Xu, Xu, Xu, Xu, Xu, Xu, Uh, Uh, Uh, Uu^Em, Uu^Em, Uu^Em, Uu, Uu, Rb, Uu, Rb, Uu, Ql, Ql, Ql, Ql, Ql, Ql, Ql, Ql, Ql, Uh^Tf, Uh^Emf, Rb, Uh, Rb, Rb, Uh^Tf, Uh^Tf, Uh, Uh, Ql, Uh, Uh, Uh, Xu, Xu
Xu, Xu, Xu, Xu, Xu, Xu, Xu, Xu, Cud, Xu, Ql, Xu, Uu, Uh^Em, Uh, Ql, Ql, Rb, Rb, Uh, Uu^Vud, Ql, Ql, Ql, Ql, Cud, Ql, Ql, Ql, Ql, Uu^Vud, Uh, Rb, Rb, Rb, Uh, Uh^Emf, Ql, Ql^Ii, Ql, Ql, Xu, Xu, Xu, Xu, Xu
Xu, Xu, Xu, Xu, Cud, Xu, Xu, Cud, Ql, Xu, Ql, Ql, Uu, Ql, Uh, Ql, Ql, Uu, Rb, Uh, Ql, Ql, Ql, Ql, Cud, Cud, Cud, Ql, Ql, Ql, Ql, Rb, Rb, Uu, Ql, Ql, Uu, Ql^Ii, Ql, Ql, Xu, Xu, Xu, Xu, Xu, Xu
Xu, Xu, Xu, Xu, Xu, Xu, Xu, Cud, Xu, Ql, Ql, Uu, Ql, Ql, Uh^Tf, Uh, Uu, Uu, Uh, Uh, Cud, Ql, Ql, Cud, Cud, 3 Kud, Cud, Cud, Ql, Ql, Cud, Uu, Rb, Uu, Ql, Uu, Ql, Ql, Ql, Xu, Ql, Cud, Cud, Xu, Xu, Xu
Xu, Xu, Xu, Xu, Uh, Uh, Xu, Xu, Uh, Ql, Ql, Uh^Em, Uh^Em, Ql, Ql, Uh^Em, Uh, Uu, Rb, Uu, Ql, Cud, Uu^Es, Uh, Ql, Cud, Rb, Uu, Uu, Cud, Ql, Uu, Rb^Es, Rb^Es, Uu, Uu, Uu^Emf, Uh, Uh, Ql, Uh, Ql, Xu, Xu, Xu, Xu
Xu, Xu, Xu, Cud, Xu, Uh, Uh, Uh, Ql, Uh, Uh^Tf, Uh^Tf, Uu^Em, Ql, Uu, 4 Rb, Uh, Rb, Rb, Uu, Uu, Uu^Es, Uh, Uu, Rb, Ql, Ql, Uu, Rb, Rb, Uu, Rb, Uu^Es, Rb^Es, Uh^Em, Uu, Uh^Emf, Uh^Emf, Uh^Tf, Uh, Uh, Uh, Xu, Xu, Xu, Xu
Xu, Xu, Xu, Xu, Xu, Xu, Uh, Uu, Ql, Ql, Ql, Uh^Tf, Xu, Uu^Em, Uu^Em, Uh, Uh, Rb, Rb, Rb, Uu, Uu, Uh, Rb, Rb, Ql, Rb^Es, Rb^Es, Rb, Uu, Rb, Rb, Rb^Es, Rb^Es, Uh, Ql, Ql, Ql, Ql, Uh^Tf, Xu, Xu, Xu, Xu, Xu, Xu
Xu, Xu, Xu, Xu, Xu, Xu, Xu, Uh, Ql, Ql, Ql, Xu, Uh^Emf, Uh, Uu^Em, Uu, Uu, Uu, Rb, Rb, Uu, Uh, Uh^Emf, Uh^Tf, Uh^Tf, Uu^Emf, Uu, Uu, Rb^Es, Rb^Es, Rb, Rb, Uh^Em, Uh^Em, Uh^Em, Rb, Rb, Ql, Rb, Uh, Xu, Xu, Xu, Xu, Xu, Xu
Xu, Xu, Xu, Xu, Xu, Xu, Uh, Uh, Ql, Ql, Xu, Uh^Emf, Uh^Emf, Xu, Uu, Rb, Rb, Rb, Rb, Rb, Rb, Uh, Uh, Uh^Emf, Uh, Uh^Emf, Uh, Rb, Uu, Rb^Es, Rb, Uu^Em, Uh^Em, Uu^Em, Rb, Uh^Em, Xu, Rb, Rb, Uh, Xu, Xu, Xu, Xu, Xu, Xu
Xu, Xu, Xu, Xu, Xu, Uh, Uh, Ql, Ql, Xu, Xu, Uh^Tf, Uh^Tf, Xu, Uh^Emf, Uh, Uh^Em, Rb, Rb, Rb, Rb^Em, Uu, Rb, Uu, Uh, Uh^Tf, Uh, Uu, Rb, Rb^Es, Rb, Uh, Uu, Xu, Xu, Cud, Xu, Xu, Xu, Xu, Xu, Xu, Xu, Xu, Xu, Xu
Xu, Xu, Xu, Xu, Uh, Uh, Ql, Ql, Ql, Ql, Xu, Xu, Uh^Tf, Uh^Tf, Xu, Uu, Uu, Uh^Em, Uu^Em, Uu, Rb^Es, Rb, Rb, Uu, Rb, Uu, Uu, Rb, Uu, Rb, Rb, Uu, Ql, Xu, Ql, Cud, Xu, Xu, Xu, Xu, Xu, Xu, Xu, Xu, Xu, Xu
Xu, Xu, Xu, Xu, Xu, Uu, Ql, Ql, Ql, Xu, Uu^Vu, Xu, Xu, Uh^Tf, Xu, Xu, Uu, Uh^Em, Uu^Em, Uu, Ql, Rb, Uu, Rb, Rb^Es, Rb, Rb^Es, Rb^Es, Rb^Es, Rb, Rb^Es, Rb, Ql, Ql, Ql, Xu, Xu, Xu, Xu, Xu, Xu, Xu, Xu, Xu, Xu, Xu
Xu, Xu, Xu, Xu, Xu, Ql, Ql, Uu, Ql, Ql, Rb, Xu, Uh, Uh^Emf, Uh^Emf, Uh, Xu, Rb^Em, Rb, Cud, Cud, Ql, Rb, Uu, Rb^Es, Rb, Uu, Rb, Uu, Rb, Rb, Rb, Uu, Ql, Ql, Ql, Xu, Xu, Xu, Xu, Xu, Xu, Xu, Xu, Xu, Xu
Xu, Xu, Xu, Xu, Ql, Ql, Uu, Ql, Ql, Ql, Ql, Uh, Uh, Xu, Xu, Uu, Xu, Rb, Rb, Ql, Ql, Ql, Ql, Ql, Rb^Es, Rb, Rb, Uu, Rb, Rb^Es, Rb, Rb, Rb, Rb, Uu^Em, Uh, Xu, Xu, Cud, Xu, Xu, Xu, Xu, Xu, Xu, Xu
Xu, Xu, Xu, Xu, Xu, Xu, Uh, Ql, Ql, Ql, Uu, Rb, Xu, Xu, Xu, Xu, Xu, Xu, Xu, Rb, Cud, Cud, Uh, Ql, Uu, Rb, Rb, Rb, Rb, Rb, Uu, Rb^Es, Ql, Rb^Em, Ql, Uh^Em, Uh^Tf, Xu, Ql, Xu, Xu, Xu, Xu, Xu, Xu, Xu
Xu, Xu, Xu, Xu, Xu, Ql, Uh, Uh, Ql, Ql, Ql, Xu, Xu, Xu, Xu, Xu, Ql, Uh, Uu^Em, Uu, Cud, Kud, Uu, Uu, Rb^Es, Rb, Uu, Rb, Rb, Uh, Uh, Uh, Xu, Ql, Rb^Em, Uu^Vud, Rb^Em, Uh^Em, Uh, Ql, Ql, Xu, Xu, Xu, Xu, Xu
Xu, Xu, Xu, Xu, Xu, Uh, Xu, Ql, Xu, Ql, Ql, Xu, Ql, Ql, Ql, Ql, Ql, Uh^Em, Ql, Uh^Emf, Uh^Emf, Uh^Emf, Uh, Rb, Rb^Es, Rb, Rb, Rb, Uh, Uu, Uh^Emf, Uh^Tf, Kud, Cud, Rb, Ql, Xu, Rb, Uh, Uh, Ql, Xu, Xu, Xu, Xu, Xu
Xu, Xu, Xu, Xu, Xu, Xu, Xu, Xu, Xu, Xu, Xu, Ql, Xu, Ql, Ql, Ql, Xu, Ql, Ql, Uh^Tf, Uh^Tf, Rb^Em, Rb, Uu^Es, Rb^Es, Rb^Es, Rb, Rb, Uu, Uh^Emf, Uh, Cud, Cud, Ql, Uh, Ql, Uh, Rb, Ql, Ql, Ql, Xu, Xu, Xu, Xu, Xu
Xu, Xu, Xu, Xu, Xu, Xu, Xu, Xu, Xu, Xu, Xu, Xu, Xu, Uh, Ql, Xu, Uh^Tf, Uh, Ql, Uh^Tf, Ql, Rb^Emf, Uu, Uu, Rb, Uu^Es, Uu^Es, Rb, Uu, Uu, Uh, Uu^Vud, Rb^Es, Rb^Es, Uh, Cud, Rb, Rb, Ql, Ql, Xu, Ql, Xu, Xu, Xu, Xu
Xu, Xu, Xu, Xu, Xu, Xu, Xu, Xu, Xu, Xu, Xu, Xu, Xu, Uh^Em, Uh^Tf, Uh^Em, Uu^Vu, Uh^Em, Ql, Ql, Ql, Uu^Tf, Uu, Rb^Es, Rb, Rb, Rb, Rb, Rb, Rb, Rb, Rb, Rb, Rb, Rb, Ql, Uh, Rb, Ql, Ql, Ql, Ql, Xu, Xu, Xu, Xu
Xu, Xu, Xu, Xu, Xu, Xu, Xu, Xu, Xu, Xu, Xu, Xu, Xu, Xu, Uh, Ql, Ql, Ql, Ql, Uh, Uu^Tf, Uu^Tf, Rb^Es, Rb, Rb, 1 Rb, Rb, Rb, Rb^Es, Rb, Rb, Rb^Es, Rb^Es, Rb, Rb, Uu, Xu, Xu, Xu, Ql, Ql, Xu, Xu, Xu, Xu, Xu
Xu, Xu, Xu, Xu, Xu, Xu, Xu, Xu, Xu, Xu, Xu, Xu, Xu, Xu, Ql, Ql, Uh, Ql, Ql, Uh, Rb, Uu^Tf, Uu, Rb^Es, Rb, Rb, Rb, Rb^Es, Rb, Uu, Uu^Es, Uu^Es, Uu, Rb^Es, Rb^Es, Rb, Xu, Ql, Xu, Xu, Ql, Xu, Xu, Xu, Xu, Xu
Xu, Xu, Xu, Xu, Xu, Xu, Xu, Xu, Xu, Xu, Xu, Xu, Xu, Xu, Ql, Ql, Uh^Tf, Uh, Uh, Rb^Em, Uu^Em, Ql, Xu, Rb, Uu, Rb, Uu^Es, Uu, Uh^Tf, Uh^Emf, Uh, Uh, Ql, Rb^Es, Ql, Rb, Ql, Ql, Xu, Ql, Ql, Ql, Xu, Xu, Xu, Xu
Xu, Xu, Xu, Xu, Xu, Xu, Xu, Xu, Xu, Xu, Xu, Xu, Xu, Xu, Xu, Ql, Ql, Uh, Rb, Rb, Rb^Em, Ql, Uu, Uu, Rb^Es, Rb, Uu^Es, Uu, Uu, Uu^Emf, Xu, Cud, Uh, Uu, Xu, Ql, Ql, Ql, Ql, Ql, Xu, Xu, Xu, Xu, Xu, Xu
Xu, Xu, Xu, Xu, Xu, Xu, Xu, Xu, Xu, Xu, Xu, Xu, Xu, Xu, Xu, Xu, Xu, Rb, Xu, Uu, Uu, Uh^Em, Uh^Em, Uu, Rb, Rb, Rb, Uu, Uu^Es, Uu^Vu, Xu, Ql, Ql, Ql, Xu, Ql, Ql, Xu, Xu, Xu, Xu, Xu, Xu, Xu, Xu, Xu
Xu, Xu, Xu, Xu, Xu, Xu, Xu, Xu, Xu, Xu, Xu, Xu, Xu, Xu, Uh, Uh, Uu, Rb, Xu, Xu, Uh, Rb^Em, Rb^Em, Rb, Rb, Rb, Rb, Rb, Uh, Uh, Ql, Ql, Xu, Uu, Xu, Xu, Xu, Xu, Xu, Xu, Xu, Xu, Xu, Xu, Xu, Xu
Xu, Xu, Xu, Xu, Xu, Xu, Xu, Xu, Xu, Xu, Xu, Xu, Uh, Uh, Xu, Xu, Xu, Xu, Xu, Uh, Uh, Rb, Uu, Rb, Rb, Rb, Rb, Uh, Uh, Uh, Rb, Xu, Xu, Xu, Xu, Xu, Xu, Xu, Xu, Xu, Xu, Xu, Xu, Xu, Xu, Xu
